{
    "resourceType": "Bundle",
    "type": "document",
    "timestamp": "2022-01-14T15:31:01Z",
    "identifier": {
        "system": "https://www.ehealth.fgov.be/lab-report/bundle-id",
        "value": "81365677998.815933562.25"
    }
,            "entry":[{
    "fullUrl": "Composition/815933562",
    "resource": {
        "resourceType": "Composition",
        "id": "815933562",
        "meta": {
            "profile": [
                "https://www.ehealth.fgov.be/standards/fhir/lab/StructureDefinition/be-laboratory-report-composition"
            ]
        },
        "text": {
            "status": "empty"
        },
        "identifier": {
            "system": "http://www.macsys.be/hl7/Composition",
            "value": "815933562"
        },
        "status": "final",
        "type": {
            "coding": [
                {
                    "system": "http://loinc.org",
                    "code": "11502-2"
                }
            ],
            "text": "Laboratory report"
        },
        "subject": {
            "reference": "Patient/7165356"
        },
        "date": "2022-01-14T15:31:01+01:00",
        "author": [
            {
                "reference": "Practitioner/Responsible"
            }
        ],
        "title": "Laboratory Report",
        "section": [
            {
                "entry": [
                    {
                        "reference": "DiagnosticReport/815933562"
                    }
                ]
            }
        ]
    }
}
,{
    "fullUrl": "Specimen/001815933562",
    "resource": {
        "resourceType": "Specimen",
        "id": "001815933562",
        "meta": {
            "profile": [
                "https://www.ehealth.fgov.be/standards/fhir/lab/StructureDefinition/be-specimen-laboratory"
            ]
        },
        "text": {
            "status": "empty"
        },
        "identifier": [
            {
                "system": "http://www.macsys.be/hl7/Specimen",
                "value": "001815933562"
            }
        ],
        "status": "available",
        "type": {
            "coding": [
                {
                    "system": "http://terminology.hl7.org/CodeSystem/v2-0487",
                    "code": "UR",
                    "display": "Urine"
                }
            ],
            "text": "Urine"
        },
        "subject": {
            "reference": "Patient/7165356"
        },
        "receivedTime": "2022-01-07T15:18:58+01:00",
        "collection": {
            "collectedDateTime": "2022-01-07T00:00:00+01:00",
            "collector": {
                "reference": "Practitioner/69"
            }
        }
    }
}
,{
    "fullUrl": "Observation/Observation.1.0.0.0",
    "resource": {
        "resourceType": "Observation",
        "id": "Observation.1.0.0.0",
        "meta": {
            "profile": [
                "https://www.ehealth.fgov.be/standards/fhir/lab/StructureDefinition/be-observation-laboratory"
            ]
        },
        "text": {
            "status": "empty"
        },
        "status": "final",
        "code": {
            "text": "MICROBIOLOGIE URINE"
        },
        "subject": {
            "reference": "Patient/7165356"
        },
        "effectiveDateTime": "2022-01-07T00:00:00+01:00",
        "performer": [
            {
                "reference": "Practitioner/Responsible"
            }
        ],
        "hasMember": [
            {
                "reference": "Observation/Observation.1.0.0.1"
            },
            {
                "reference": "Observation/Observation.1.0.0.2"
            },
            {
                "reference": "Observation/Observation.1.0.0.3"
            },
            {
                "reference": "Observation/Observation.1.0.0.4"
            },
            {
                "reference": "Observation/Observation.1.0.0.5"
            }
        ]
    }
}
,{
    "fullUrl": "Observation/Observation.1.0.0.1",
    "resource": {
        "resourceType": "Observation",
        "id": "Observation.1.0.0.1",
        "meta": {
            "profile": [
                "https://www.ehealth.fgov.be/standards/fhir/lab/StructureDefinition/be-observation-laboratory"
            ]
        },
        "text": {
            "status": "empty"
        },
        "status": "final",
        "code": {
            "coding": [
                {
                    "system": "http://loinc.org",
                    "code": "30405-5"
                }
            ],
            "text": "Leukocyten"
        },
        "subject": {
            "reference": "Patient/7165356"
        },
        "effectiveDateTime": "2022-01-07T00:00:00+01:00",
        "issued": "2022-01-07T16:50:27+01:00",
        "performer": [
            {
                "reference": "Practitioner/Responsible"
            }
        ],
        "valueQuantity": {
            "value": 512,
            "unit": "/uL",
            "system": "http://unitsofmeasure.org",
            "code": "/uL"
        },
        "interpretation": [
            {
                "coding": [
                    {
                        "system": "http://terminology.hl7.org/CodeSystem/v3-ObservationInterpretation",
                        "code": "H"
                    }
                ]
            }
        ],
        "specimen": {
            "reference": "Specimen/001815933562"
        },
        "referenceRange": [
            {
                "high": {
                    "value": 25,
                    "unit": "/uL",
                    "system": "http://unitsofmeasure.org",
                    "code": "/uL"
                }
            }
        ]
    }
}
,{
    "fullUrl": "Observation/Observation.1.0.0.2",
    "resource": {
        "resourceType": "Observation",
        "id": "Observation.1.0.0.2",
        "meta": {
            "profile": [
                "https://www.ehealth.fgov.be/standards/fhir/lab/StructureDefinition/be-observation-laboratory"
            ]
        },
        "text": {
            "status": "empty"
        },
        "status": "final",
        "code": {
            "coding": [
                {
                    "system": "http://loinc.org",
                    "code": "30391-7"
                }
            ],
            "text": "Erytrocyten"
        },
        "subject": {
            "reference": "Patient/7165356"
        },
        "effectiveDateTime": "2022-01-07T00:00:00+01:00",
        "issued": "2022-01-07T16:50:31+01:00",
        "performer": [
            {
                "reference": "Practitioner/Responsible"
            }
        ],
        "valueQuantity": {
            "value": 59,
            "unit": "/uL",
            "system": "http://unitsofmeasure.org",
            "code": "/uL"
        },
        "interpretation": [
            {
                "coding": [
                    {
                        "system": "http://terminology.hl7.org/CodeSystem/v3-ObservationInterpretation",
                        "code": "H"
                    }
                ]
            }
        ],
        "specimen": {
            "reference": "Specimen/001815933562"
        },
        "referenceRange": [
            {
                "high": {
                    "value": 20,
                    "unit": "/uL",
                    "system": "http://unitsofmeasure.org",
                    "code": "/uL"
                }
            }
        ]
    }
}
,{
    "fullUrl": "Observation/Observation.1.0.0.3",
    "resource": {
        "resourceType": "Observation",
        "id": "Observation.1.0.0.3",
        "meta": {
            "profile": [
                "https://www.ehealth.fgov.be/standards/fhir/lab/StructureDefinition/be-observation-laboratory"
            ]
        },
        "text": {
            "status": "empty"
        },
        "status": "final",
        "code": {
            "coding": [
                {
                    "system": "http://loinc.org",
                    "code": "630-4"
                }
            ],
            "text": "Cultuur"
        },
        "subject": {
            "reference": "Patient/7165356"
        },
        "effectiveDateTime": "2022-01-07T00:00:00+01:00",
        "issued": "2022-01-07T17:56:08+01:00",
        "performer": [
            {
                "reference": "Practitioner/Responsible"
            }
        ],
        "valueString": "1. Escherichia coli >100.000 CFU/mL",
        "specimen": {
            "reference": "Specimen/001815933562"
        }
    }
}
,{
    "fullUrl": "Observation/Observation.1.0.0.4",
    "resource": {
        "resourceType": "Observation",
        "id": "Observation.1.0.0.4",
        "meta": {
            "profile": [
                "https://www.ehealth.fgov.be/standards/fhir/lab/StructureDefinition/be-observation-laboratory"
            ]
        },
        "text": {
            "status": "empty"
        },
        "status": "final",
        "code": {
            "coding": [
                {
                    "system": "http://loinc.org",
                    "code": "29576-6"
                }
            ],
            "text": "Antibiogram"
        },
        "subject": {
            "reference": "Patient/7165356"
        },
        "effectiveDateTime": "2022-01-07T00:00:00+01:00",
        "issued": "2022-01-07T16:53:05+01:00",
        "performer": [
            {
                "reference": "Practitioner/Responsible"
            }
        ],
        "specimen": {
            "reference": "Specimen/001815933562"
        },
        "hasMember": [
            {
                "reference": "Observation/Observation.1.0.0.4.1"
            }
        ]
    }
}
,{
    "fullUrl": "Observation/Observation.1.0.0.4.1",
    "resource": {
        "resourceType": "Observation",
        "id": "Observation.1.0.0.4.1",
        "meta": {
            "profile": [
                "https://www.ehealth.fgov.be/standards/fhir/lab/StructureDefinition/be-observation-laboratory"
            ]
        },
        "text": {
            "status": "empty"
        },
        "status": "final",
        "code": {
            "coding": [
                {
                    "system": "http://loinc.org",
                    "code": "630-4"
                }
            ],
            "text": "-"
        },
        "subject": {
            "reference": "Patient/7165356"
        },
        "effectiveDateTime": "2022-01-07T00:00:00+01:00",
        "issued": "2022-01-07T16:53:05+01:00",
        "performer": [
            {
                "reference": "Practitioner/Responsible"
            }
        ],
        "valueString": "Escherichia coli",
        "specimen": {
            "reference": "Specimen/001815933562"
        },
        "hasMember": [
            {
                "reference": "Observation/Observation.1.0.0.4.1.1"
            },
            {
                "reference": "Observation/Observation.1.0.0.4.1.2"
            },
            {
                "reference": "Observation/Observation.1.0.0.4.1.3"
            },
            {
                "reference": "Observation/Observation.1.0.0.4.1.4"
            },
            {
                "reference": "Observation/Observation.1.0.0.4.1.5"
            },
            {
                "reference": "Observation/Observation.1.0.0.4.1.6"
            },
            {
                "reference": "Observation/Observation.1.0.0.4.1.7"
            },
            {
                "reference": "Observation/Observation.1.0.0.4.1.8"
            }
        ]
    }
}
,{
    "fullUrl": "Observation/Observation.1.0.0.4.1.1",
    "resource": {
        "resourceType": "Observation",
        "id": "Observation.1.0.0.4.1.1",
        "meta": {
            "profile": [
                "https://www.ehealth.fgov.be/standards/fhir/lab/StructureDefinition/be-observation-laboratory"
            ]
        },
        "text": {
            "status": "empty"
        },
        "status": "final",
        "code": {
            "coding": [
                {
                    "system": "http://loinc.org",
                    "code": "18861-5"
                }
            ],
            "text": "Amoxicilline"
        },
        "subject": {
            "reference": "Patient/7165356"
        },
        "effectiveDateTime": "2022-01-07T00:00:00+01:00",
        "issued": "2022-01-07T16:53:05+01:00",
        "performer": [
            {
                "reference": "Practitioner/Responsible"
            }
        ],
        "valueString": "S",
        "interpretation": [
            {
                "coding": [
                    {
                        "system": "http://terminology.hl7.org/CodeSystem/v3-ObservationInterpretation",
                        "code": "S"
                    }
                ]
            }
        ],
        "specimen": {
            "reference": "Specimen/001815933562"
        }
    }
}
,{
    "fullUrl": "Observation/Observation.1.0.0.4.1.2",
    "resource": {
        "resourceType": "Observation",
        "id": "Observation.1.0.0.4.1.2",
        "meta": {
            "profile": [
                "https://www.ehealth.fgov.be/standards/fhir/lab/StructureDefinition/be-observation-laboratory"
            ]
        },
        "text": {
            "status": "empty"
        },
        "status": "final",
        "code": {
            "coding": [
                {
                    "system": "http://loinc.org",
                    "code": "18862-3"
                }
            ],
            "text": "Amoxicilline/clavulaanzuur"
        },
        "subject": {
            "reference": "Patient/7165356"
        },
        "effectiveDateTime": "2022-01-07T00:00:00+01:00",
        "issued": "2022-01-07T16:53:05+01:00",
        "performer": [
            {
                "reference": "Practitioner/Responsible"
            }
        ],
        "valueString": "S",
        "interpretation": [
            {
                "coding": [
                    {
                        "system": "http://terminology.hl7.org/CodeSystem/v3-ObservationInterpretation",
                        "code": "S"
                    }
                ]
            }
        ],
        "specimen": {
            "reference": "Specimen/001815933562"
        }
    }
}
,{
    "fullUrl": "Observation/Observation.1.0.0.4.1.3",
    "resource": {
        "resourceType": "Observation",
        "id": "Observation.1.0.0.4.1.3",
        "meta": {
            "profile": [
                "https://www.ehealth.fgov.be/standards/fhir/lab/StructureDefinition/be-observation-laboratory"
            ]
        },
        "text": {
            "status": "empty"
        },
        "status": "final",
        "code": {
            "coding": [
                {
                    "system": "http://loinc.org",
                    "code": "35783-0"
                }
            ],
            "text": "Cefuroxime - Axetil"
        },
        "subject": {
            "reference": "Patient/7165356"
        },
        "effectiveDateTime": "2022-01-07T00:00:00+01:00",
        "issued": "2022-01-07T16:53:05+01:00",
        "performer": [
            {
                "reference": "Practitioner/Responsible"
            }
        ],
        "valueString": "S",
        "interpretation": [
            {
                "coding": [
                    {
                        "system": "http://terminology.hl7.org/CodeSystem/v3-ObservationInterpretation",
                        "code": "S"
                    }
                ]
            }
        ],
        "specimen": {
            "reference": "Specimen/001815933562"
        }
    }
}
,{
    "fullUrl": "Observation/Observation.1.0.0.4.1.4",
    "resource": {
        "resourceType": "Observation",
        "id": "Observation.1.0.0.4.1.4",
        "meta": {
            "profile": [
                "https://www.ehealth.fgov.be/standards/fhir/lab/StructureDefinition/be-observation-laboratory"
            ]
        },
        "text": {
            "status": "empty"
        },
        "status": "final",
        "code": {
            "coding": [
                {
                    "system": "http://loinc.org",
                    "code": "18906-8"
                }
            ],
            "text": "Ciprofloxacine"
        },
        "subject": {
            "reference": "Patient/7165356"
        },
        "effectiveDateTime": "2022-01-07T00:00:00+01:00",
        "issued": "2022-01-07T16:53:05+01:00",
        "performer": [
            {
                "reference": "Practitioner/Responsible"
            }
        ],
        "valueString": "S",
        "interpretation": [
            {
                "coding": [
                    {
                        "system": "http://terminology.hl7.org/CodeSystem/v3-ObservationInterpretation",
                        "code": "S"
                    }
                ]
            }
        ],
        "specimen": {
            "reference": "Specimen/001815933562"
        }
    }
}
,{
    "fullUrl": "Observation/Observation.1.0.0.4.1.5",
    "resource": {
        "resourceType": "Observation",
        "id": "Observation.1.0.0.4.1.5",
        "meta": {
            "profile": [
                "https://www.ehealth.fgov.be/standards/fhir/lab/StructureDefinition/be-observation-laboratory"
            ]
        },
        "text": {
            "status": "empty"
        },
        "status": "final",
        "code": {
            "coding": [
                {
                    "system": "http://loinc.org",
                    "code": "18928-2"
                }
            ],
            "text": "Gentamicine"
        },
        "subject": {
            "reference": "Patient/7165356"
        },
        "effectiveDateTime": "2022-01-07T00:00:00+01:00",
        "issued": "2022-01-07T16:53:05+01:00",
        "performer": [
            {
                "reference": "Practitioner/Responsible"
            }
        ],
        "valueString": "I",
        "interpretation": [
            {
                "coding": [
                    {
                        "system": "http://terminology.hl7.org/CodeSystem/v3-ObservationInterpretation",
                        "code": "I"
                    }
                ]
            }
        ],
        "specimen": {
            "reference": "Specimen/001815933562"
        }
    }
}
,{
    "fullUrl": "Observation/Observation.1.0.0.4.1.6",
    "resource": {
        "resourceType": "Observation",
        "id": "Observation.1.0.0.4.1.6",
        "meta": {
            "profile": [
                "https://www.ehealth.fgov.be/standards/fhir/lab/StructureDefinition/be-observation-laboratory"
            ]
        },
        "text": {
            "status": "empty"
        },
        "status": "final",
        "code": {
            "coding": [
                {
                    "system": "http://loinc.org",
                    "code": "25596-8"
                }
            ],
            "text": "Fosfomycine"
        },
        "subject": {
            "reference": "Patient/7165356"
        },
        "effectiveDateTime": "2022-01-07T00:00:00+01:00",
        "issued": "2022-01-07T16:53:05+01:00",
        "performer": [
            {
                "reference": "Practitioner/Responsible"
            }
        ],
        "valueString": "R",
        "interpretation": [
            {
                "coding": [
                    {
                        "system": "http://terminology.hl7.org/CodeSystem/v3-ObservationInterpretation",
                        "code": "R"
                    }
                ]
            }
        ],
        "specimen": {
            "reference": "Specimen/001815933562"
        }
    }
}
,{
    "fullUrl": "Observation/Observation.1.0.0.4.1.7",
    "resource": {
        "resourceType": "Observation",
        "id": "Observation.1.0.0.4.1.7",
        "meta": {
            "profile": [
                "https://www.ehealth.fgov.be/standards/fhir/lab/StructureDefinition/be-observation-laboratory"
            ]
        },
        "text": {
            "status": "empty"
        },
        "status": "final",
        "code": {
            "coding": [
                {
                    "system": "http://loinc.org",
                    "code": "18955-5"
                }
            ],
            "text": "Nitrofuranto�ne"
        },
        "subject": {
            "reference": "Patient/7165356"
        },
        "effectiveDateTime": "2022-01-07T00:00:00+01:00",
        "issued": "2022-01-07T16:53:05+01:00",
        "performer": [
            {
                "reference": "Practitioner/Responsible"
            }
        ],
        "valueString": "S",
        "interpretation": [
            {
                "coding": [
                    {
                        "system": "http://terminology.hl7.org/CodeSystem/v3-ObservationInterpretation",
                        "code": "S"
                    }
                ]
            }
        ],
        "specimen": {
            "reference": "Specimen/001815933562"
        }
    }
}
,{
    "fullUrl": "Observation/Observation.1.0.0.4.1.8",
    "resource": {
        "resourceType": "Observation",
        "id": "Observation.1.0.0.4.1.8",
        "meta": {
            "profile": [
                "https://www.ehealth.fgov.be/standards/fhir/lab/StructureDefinition/be-observation-laboratory"
            ]
        },
        "text": {
            "status": "empty"
        },
        "status": "final",
        "code": {
            "coding": [
                {
                    "system": "http://loinc.org",
                    "code": "18998-5"
                }
            ],
            "text": "Trimethoprim/Sulfa"
        },
        "subject": {
            "reference": "Patient/7165356"
        },
        "effectiveDateTime": "2022-01-07T00:00:00+01:00",
        "issued": "2022-01-07T16:53:05+01:00",
        "performer": [
            {
                "reference": "Practitioner/Responsible"
            }
        ],
        "valueString": "S",
        "interpretation": [
            {
                "coding": [
                    {
                        "system": "http://terminology.hl7.org/CodeSystem/v3-ObservationInterpretation",
                        "code": "S"
                    }
                ]
            }
        ],
        "specimen": {
            "reference": "Specimen/001815933562"
        }
    }
}
,{
    "fullUrl": "Observation/Observation.1.0.0.5",
    "resource": {
        "resourceType": "Observation",
        "id": "Observation.1.0.0.5",
        "meta": {
            "profile": [
                "https://www.ehealth.fgov.be/standards/fhir/lab/StructureDefinition/be-observation-laboratory"
            ]
        },
        "text": {
            "status": "empty"
        },
        "status": "final",
        "code": {
            "coding": [
                {
                    "system": "http://loinc.org",
                    "code": "87831-4"
                }
            ],
            "text": "Cultuur gisten"
        },
        "subject": {
            "reference": "Patient/7165356"
        },
        "effectiveDateTime": "2022-01-07T00:00:00+01:00",
        "issued": "2022-01-07T16:53:24+01:00",
        "performer": [
            {
                "reference": "Practitioner/Responsible"
            }
        ],
        "valueString": "Positief",
        "interpretation": [
            {
                "coding": [
                    {
                        "system": "http://terminology.hl7.org/CodeSystem/v3-ObservationInterpretation",
                        "code": "H"
                    }
                ]
            }
        ],
        "note": [
            {
                "text": "1. Candida albicans 1+"
            }
        ],
        "specimen": {
            "reference": "Specimen/001815933562"
        }
    }
}
,{
    "fullUrl": "DiagnosticReport/815933562",
    "resource": {
        "resourceType": "DiagnosticReport",
        "id": "815933562",
        "meta": {
            "versionId": "25",
            "profile": [
                "https://www.ehealth.fgov.be/standards/fhir/lab/StructureDefinition/be-laboratory-report"
            ]
        },
        "language": "nl",
        "text": {
            "status": "empty"
        },
        "identifier": [
            {
                "system": "https://www.ehealth.fgov.be/lab-report/diagnostic-report-id",
                "value": "81365677998.815933562"
            }
        ],
        "basedOn": [
            {
                "reference": "ServiceRequest/815933562"
            }
        ],
        "status": "final",
        "category": [
            {
                "coding": [
                    {
                        "system": "http://terminology.hl7.org/CodeSystem/v2-0074",
                        "code": "LAB",
                        "display": "Laboratory"
                    }
                ]
            }
        ],
        "code": {
            "coding": [
                {
                    "system": "http://loinc.org",
                    "code": "11502-2",
                    "display": "Laboratory report"
                }
            ]
        },
        "subject": {
            "reference": "Patient/7165356"
        },
        "effectiveDateTime": "2022-01-07T00:00:00+01:00",
        "issued": "2022-01-14T15:31:01+01:00",
        "performer": [
            {
                "reference": "Organization/81365677998"
            }
        ],
        "resultsInterpreter": [
            {
                "reference": "Practitioner/Responsible"
            }
        ],
        "specimen": [
            {
                "reference": "Specimen/001815933562"
            }
        ],
        "result": [
            {
                "reference": "Observation/Observation.1.0.0.0"
            }
        ]
    }
}
,{
    "fullUrl": "Organization/81365677998",
    "resource": {
        "resourceType": "Organization",
        "id": "81365677998",
        "meta": {
            "profile": [
                "https://www.ehealth.fgov.be/standards/fhir/core/StructureDefinition/be-organization"
            ]
        },
        "text": {
            "status": "empty"
        },
        "identifier": [
            {
                "use": "official",
                "type": {
                    "coding": [
                        {
                            "system": "http://terminology.hl7.org/CodeSystem/v2-0203",
                            "code": "MD",
                            "display": "Medical License number"
                        }
                    ]
                },
                "system": "https://www.ehealth.fgov.be/standards/fhir/core/NamingSystem/nihdi",
                "value": "81365677998"
            },
            {
                "use": "official",
                "system": "https://economie.fgov.be/belac",
                "value": "007-MED"
            }
        ],
        "active": true,
        "type": [
            {
                "coding": [
                    {
                        "system": "https://www.ehealth.fgov.be/standards/fhir/core/CodeSystem/cd-hcparty",
                        "code": "orglaboratory"
                    }
                ]
            }
        ],
        "name": "CENTRUM VOOR MEDISCHE ANALYSE",
        "telecom": [
            {
                "system": "phone",
                "value": "014/28.50.00",
                "use": "work"
            },
            {
                "system": "fax",
                "value": "014/22.56.08",
                "use": "work"
            },
            {
                "system": "email",
                "value": "info@cma.be",
                "use": "work"
            },
            {
                "system": "url",
                "value": "http://www.cma.be",
                "use": "work"
            }
        ],
        "address": [
            {
                "use": "work",
                "type": "both",
                "line": [
                    "Oud-Strijderslaan 199"
                ],
                "city": "Herentals",
                "postalCode": "2200",
                "country": "BE"
            }
        ]
    }
}
,{
    "fullUrl": "Practitioner/69",
    "resource": {
        "resourceType": "Practitioner",
        "id": "69",
        "meta": {
            "profile": [
                "https://www.ehealth.fgov.be/standards/fhir/core/StructureDefinition/be-practitioner"
            ]
        },
        "text": {
            "status": "empty"
        },
        "identifier": [
            {
                "use": "official",
                "system": "https://www.ehealth.fgov.be/standards/fhir/core/NamingSystem/nihdi",
                "value": "10000007999"
            }
        ],
        "name": [
            {
                "use": "official",
                "family": "Cma - Herentals",
                "given": [
                    "Fhir"
                ],
                "prefix": [
                    "Dr."
                ]
            }
        ],
        "telecom": [
            {
                "system": "email",
                "value": "info@cma.be",
                "use": "work"
            },
            {
                "system": "fax",
                "value": "(+32)14/225608",
                "use": "work"
            },
            {
                "system": "phone",
                "value": "(+32)14/285000",
                "use": "work"
            }
        ],
        "address": [
            {
                "use": "work",
                "type": "both",
                "line": [
                    "Oud-Strijderslaan 199"
                ],
                "city": "Herentals",
                "postalCode": "2200",
                "country": "BE"
            }
        ],
        "gender": "unknown"
    }
}
,{
    "fullUrl": "Practitioner/Responsible",
    "resource": {
        "resourceType": "Practitioner",
        "id": "Responsible",
        "meta": {
            "profile": [
                "https://www.ehealth.fgov.be/standards/fhir/core/StructureDefinition/be-practitioner"
            ]
        },
        "text": {
            "status": "empty"
        },
        "identifier": [
            {
                "use": "official",
                "system": "https://www.ehealth.fgov.be/standards/fhir/core/NamingSystem/nihdi",
                "value": "68071432800"
            }
        ],
        "name": [
            {
                "use": "official",
                "family": "Engelen",
                "given": [
                    "Frans"
                ]
            }
        ],
        "telecom": [
            {
                "system": "phone",
                "value": "014/28.50.00",
                "use": "work"
            }
        ],
        "address": [
            {
                "use": "work",
                "type": "both",
                "line": [
                    "Oud-Strijderslaan 199"
                ],
                "city": "Herentals",
                "postalCode": "2200",
                "country": "BE"
            }
        ],
        "gender": "unknown"
    }
}
,{
    "fullUrl": "Patient/7165356",
    "resource": {
        "resourceType": "Patient",
        "id": "7165356",
        "meta": {
            "profile": [
                "https://www.ehealth.fgov.be/standards/fhir/core/StructureDefinition/be-patient"
            ]
        },
        "text": {
            "status": "empty"
        },
        "identifier": [
            {
                "use": "official",
                "system": "https://www.ehealth.fgov.be/standards/fhir/core/NamingSystem/ssin",
                "value": "90010199893"
            }
        ],
        "active": true,
        "name": [
            {
                "use": "official",
                "family": "Lastname",
                "given": [
                    "Firstname Female"
                ]
            }
        ],
        "gender": "female",
        "birthDate": "1990-01-01"
    }
}
,{
    "fullUrl": "ServiceRequest/815933562",
    "resource": {
        "resourceType": "ServiceRequest",
        "id": "815933562",
        "text": {
            "status": "empty"
        },
        "identifier": [
            {
                "system": "http://www.macsys.be/hl7/ServiceRequest",
                "value": "815933562"
            }
        ],
        "status": "completed",
        "intent": "order",
        "category": [
            {
                "coding": [
                    {
                        "system": "http://snomed.info/sct",
                        "code": "108252007",
                        "display": "Laboratory procedure"
                    }
                ]
            }
        ],
        "subject": {
            "reference": "Patient/7165356"
        },
        "priority": "routine",
        "authoredOn": "2022-01-07T15:18:00+01:00",
        "requester": {
            "reference": "Practitioner/69"
        }
    }
}
]}