<html><head><style>body {
    font-family: sans-serif;
    margin: 48px;
}

div.hapiHeaderText {
    font-size: 1.5em;
    color: #0484DF;
}



/********************************************************
* The following section is used for tables of values
* with multiple columns (e.g. the table of Observations
* in a Diagnostic Report for a lab test)
********************************************************/
table.hapiTableOfValues {
    width: 100%;
    max-width: 1200px;
    margin-top: 24px;
    border-spacing: 0;
    border-collapse: collapse;
    border: 1px solid #DBDFE3;
}

table.hapiTableOfValues thead tr td {
    background: #EEF2F6;
    color: #5D7184;
    font-size: .8em;
    padding: 1em;
    text-transform: uppercase;
    border: 1px solid #DBDFE3;
}

table.hapiTableOfValues tbody tr td {
    padding: .5em 1em;
    border: 1px solid #DBDFE3;
}

table.hapiTableOfValues tbody tr.title td {
    color: #0484DF;
}

table.hapiTableOfValues tbody tr.title.level_0 td {
    background: #deeeff;
}

/********************************************************
* The following section is used for property tables. These
* tables have two columns, one for the property name, and
* one for the property value
********************************************************/
table.hapiPropertyTable {
    width: 100%;
    max-width: 1200px;
    margin-top: 24px;
    border-spacing: 0;
    border-collapse: collapse;
}

table.hapiPropertyTable thead tr td {
    background: #EEF2F6;
    color: #5D7184;
    font-size: .8em;
    padding: 1em;
    text-transform: uppercase;
    border: 1px solid #DBDFE3;
}

table.hapiPropertyTable tbody tr td:first-child {
    text-align: right;
    text-transform: uppercase;
    color: #5D7184;
    border: 1px solid #DBDFE3;
    font-size: .8em;
    vertical-align: baseline;
    width: 20%;
}

table.hapiPropertyTable tbody tr td {
    vertical-align: top;
    padding: .5em 1em;
    margin: 1px;
    border: 1px solid #DBDFE3;
    vertical-align: baseline;
}

tr.level_2 td.label {
    padding-left: 2em;
}

tr.level_3 td.label {
    padding-left: 3em;
}

tr.level_4 td.label {
    padding-left: 4em;
}

tr.level_5 td.label {
    padding-left: 5em;
}

tr.level_6 td.label {
    padding-left: 6em;
}

tr.level_7 td.label {
    padding-left: 7em;
}

tr.level_8 td.label {
    padding-left: 8em;
}

tr.level_9 td.label {
    padding-left: 9em;
}

td.toggable {
    cursor: pointer;
}

td.toggable div {
    display: flex;
    flex-direction: row;
    flex-wrap: nowrap;
    justify-content: space-between;
}

td.toggable div span {
    background-color: rgba(107, 128, 148, 0.6);
    color: #EEF2F6;
    border-radius: 10px;
    padding: 4px 6px 2px;
    font-size: .8em;
    min-width: 100px;
    text-align: center;
}

td.toggable div span.inline {
    min-width: 20px;
}

td.toggable.displayed div span.clicktoshow {
    display: none;
}

td.toggable div span.clicktohide {
    display: none;
}

td.toggable.displayed div span.clicktohide {
    display: inline !important;
}

.hidden {
    display: none;
}
</style></head><body>
<div xmlns="http://www.w3.org/1999/xhtml"><div class="hapiHeaderText"> Laboratory report </div><table class="hapiPropertyTable"><thead><tr><td colspan="2">Result information</td></tr></thead><tbody><tr><td>Status</td><td>FINAL</td></tr><tr><td>Issued</td><td> 20 December 2021 16:54:06 </td></tr><tr><td>Version Id</td><td>3</td></tr></tbody>    <!-- patient --><thead><tr><td colspan="2">Patient</td></tr></thead><tbody><tr><td>Identifier</td><td> Official 90010199893 (https://www.ehealth.fgov.be/standards/fhir/core/NamingSystem/ssin) </td></tr><tr><td>Patient name</td><td>Firstname Female Lastname</td></tr><tr><td>Date of birth</td><td><span>01 January 1990</span></td></tr><tr><td>Gender</td><td>female</td></tr><tr><td>Address</td><td><span>Oud-Strijderslaan 199 </span><br/><span>Herentals </span><span>BE </span></td></tr></tbody>    <!-- notes extension -->    <!-- Service Request Details --><thead><tr><td colspan="2" onclick="this.classList.toggle('displayed'); this.parentElement.parentElement.nextElementSibling.classList.toggle('hidden')" class="toggable"><div><div>Service request</div><div><span class="clicktoshow">click to show</span><span class="clicktohide">click to hide</span></div></div></td></tr></thead><tbody class="hidden"><tr><td>Identifier</td><td>815333059</td></tr>    <!-- Subject --><tr><td>Subject</td><td> Firstname Female Lastname (90010199893) </td></tr>    <!-- Status --><tr><td>Status</td><td>COMPLETED</td></tr>    <!-- Intent --><tr><td>Intent</td><td>ORDER</td></tr>    <!-- Category --><tr><td>Category</td><td> Laboratory procedure (108252007) (http://snomed.info/sct) </td></tr>    <!-- Priority --><tr><td>Priority</td><td>ROUTINE</td></tr>    <!-- Authored on --><tr><td>Authored on</td><td>17 December 2021 14:28:00</td></tr>    <!-- Requester --><tr class="Requester"><td>Requester</td><td onclick="this.classList.toggle('displayed'); var ns = this.parentElement; while(ns.nextElementSibling &amp;&amp; ns.nextElementSibling.classList.contains([...ns.classList].find(function(x) { return x !== 'hidden' }))) { ns.nextElementSibling.classList.toggle('hidden'); ns = ns.nextElementSibling }" class="toggable"><div><div> Dr. Fhir Cma - Herentals (https://www.ehealth.fgov.be/standards/fhir/core/NamingSystem/nihdi) (10000007999) </div><div><span class="inline clicktoshow">+</span><span class="inline clicktohide">-</span></div></div></td></tr><tr class="hidden Requester"><td>Identifier</td><td>10000007999</td></tr><tr class="hidden Requester"><td>Name</td><td>Dr. Fhir Cma - Herentals</td></tr><tr class="hidden Requester"><td>Telecom</td><td>info@cma.be</td></tr><tr class="hidden Requester"><td>Telecom</td><td>(+32)14/225608</td></tr><tr class="hidden Requester"><td>Telecom</td><td>(+32)14/285000</td></tr><tr class="hidden Requester"><td>Address</td><td><span>Oud-Strijderslaan 199 </span><br/><span>Herentals </span><span>BE </span></td></tr>    <!-- Performer -->    <!-- Notes --></tbody>    <!-- Specimen details --><thead><tr><td colspan="2" onclick="this.classList.toggle('displayed'); this.parentElement.parentElement.nextElementSibling.classList.toggle('hidden')" class="toggable"><div><div>Specimen</div><div><span class="clicktoshow">click to show</span><span class="clicktohide">click to hide</span></div></div></td></tr></thead><tbody class="hidden">    <!-- Identifier --><tr><td>Identifier</td><td> 001815333059 (http://www.macsys.be/hl7/Specimen) </td></tr>    <!-- Status --><tr><td>Status</td><td>AVAILABLE</td></tr>    <!-- Type --><tr><td>Type</td><td> Genital vaginal (GENV) (http://terminology.hl7.org/CodeSystem/v2-0487) </td></tr>    <!-- Subject --><tr><td>Patient</td><td> Firstname Female Lastname (90010199893) </td></tr>    <!-- Received time --><tr><td>Received</td><td>17 December 2021 14:28:34</td></tr>    <!-- Requests -->    <!-- Specimen collection -->    <!-- Collection collector --><tr class="Collector"><td>Collector</td><td onclick="this.classList.toggle('displayed'); var ns = this.parentElement; while(ns.nextElementSibling &amp;&amp; ns.nextElementSibling.classList.contains([...ns.classList].find(function(x) { return x !== 'hidden' }))) { ns.nextElementSibling.classList.toggle('hidden'); ns = ns.nextElementSibling }" class="toggable"><div><div> Dr. Fhir Cma - Herentals (https://www.ehealth.fgov.be/standards/fhir/core/NamingSystem/nihdi) (10000007999) </div><div><span class="inline clicktoshow">+</span><span class="inline clicktohide">-</span></div></div></td></tr><tr class="hidden Collector"><td>Identifier</td><td>10000007999</td></tr><tr class="hidden Collector"><td>Name</td><td>Dr. Fhir Cma - Herentals</td></tr><tr class="hidden Collector"><td>Telecom</td><td>info@cma.be</td></tr><tr class="hidden Collector"><td>Telecom</td><td>(+32)14/225608</td></tr><tr class="hidden Collector"><td>Telecom</td><td>(+32)14/285000</td></tr><tr class="hidden Collector"><td>Address</td><td><span>Oud-Strijderslaan 199 </span><br/><span>Herentals </span><span>BE </span></td></tr>    <!-- Collection collected date --><tr><td>Collected date</td><td>17 December 2021 00:00:00</td></tr>    <!-- Collection collected period -->    <!-- Collection duration -->    <!-- Collection quantity -->    <!-- Collection method -->    <!-- Collection body site -->    <!-- Collection fasted status (CodeableConcept) -->    <!-- Fasted status (Duration) -->    <!-- Processings -->    <!-- Containers -->    <!-- Condition -->    <!-- Notes --></tbody>    <!-- Performer details --><thead><tr><td colspan="2" onclick="this.classList.toggle('displayed'); this.parentElement.parentElement.nextElementSibling.classList.toggle('hidden')" class="toggable"><div><div>Performer</div><div><span class="clicktoshow">click to show</span><span class="clicktohide">click to hide</span></div></div></td></tr></thead><tbody class="hidden"><tr><td>Type</td><td> (orglaboratory) (https://www.ehealth.fgov.be/standards/fhir/core/CodeSystem/cd-hcparty) </td></tr><tr><td>Identifier</td><td> Official 81365677998 (https://www.ehealth.fgov.be/standards/fhir/core/NamingSystem/nihdi) </td></tr><tr><td>Identifier</td><td> Official 007-MED (https://economie.fgov.be/belac) </td></tr><tr><td>Name</td><td>CENTRUM VOOR MEDISCHE ANALYSE</td></tr><tr><td>PHONE</td><td>014/28.50.00</td></tr><tr><td>FAX</td><td>014/22.56.08</td></tr><tr><td>EMAIL</td><td>info@cma.be</td></tr><tr><td>URL</td><td>http://www.cma.be</td></tr><tr><td>Address</td><td><span>Oud-Strijderslaan 199 </span><br/><span>Herentals </span><span>BE </span></td></tr></tbody>    <!-- Results interpreter --><thead><tr><td colspan="2" onclick="this.classList.toggle('displayed'); this.parentElement.parentElement.nextElementSibling.classList.toggle('hidden')" class="toggable"><div><div>Results Interpreter</div><div><span class="clicktoshow">click to show</span><span class="clicktohide">click to hide</span></div></div></td></tr></thead><tbody class="hidden"><tr><td>Identifier</td><td>68071432800</td></tr><tr><td>Name</td><td>Frans Engelen</td></tr><tr><td>Telecom</td><td>014/28.50.00</td></tr><tr><td>Address</td><td><span>Oud-Strijderslaan 199 </span><br/><span>Herentals </span><span>BE </span></td></tr></tbody>    <!-- Media --></table><table class="hapiTableOfValues"><thead><tr><td>Name</td><td>Value</td><td>Interpretation</td><td>Reference Range</td><td>Status</td><td></td></tr></thead><tbody><tr class="level_0 title"><td style="vertical-align:top" class="label"> CERVICOVAGINAAL </td><td>    <!-- quantity -->    <!-- string -->    <!-- codeable concept -->    <!-- boolean -->    <!-- date time -->    <!-- integer -->    <!-- period -->    <!-- range -->    <!-- ratio -->    <!-- sample data, what is this in a lab context? -->    <!-- time --></td><td></td><td></td><td></td><td onclick="this.classList.toggle('displayed');  this.parentElement.nextElementSibling.classList.toggle('hidden');" class="toggable"><div><span class="inline clicktoshow">+</span><span class="inline clicktohide">-</span></div></td></tr><tr class="hidden"><td colspan="6"><table class="hapiPropertyTable"><thead><tr><td colspan="2">Details</td></tr></thead><tbody><tr><td>Code</td><td>CERVICOVAGINAAL</td></tr><tr><td>Effective date (datetime)</td><td>17 December 2021 00:00:00</td></tr>    <!-- will effective timing ever occur in context of lab results? -->    <!-- tr th:if="${result.resource.hasEffectiveTiming}"><td>Effective date</td><td>(effective timing)</td></tr --></tbody><thead><tr><td colspan="2" onclick="this.classList.toggle('displayed'); this.parentElement.parentElement.nextElementSibling.classList.toggle('hidden')" class="toggable"><div><div>Subject</div><div><span class="clicktoshow">click to show</span><span class="clicktohide">click to hide</span></div></div></td></tr></thead><tbody class="hidden"><tr><td>Identifier</td><td> Official 90010199893 (https://www.ehealth.fgov.be/standards/fhir/core/NamingSystem/ssin) </td></tr><tr><td>Patient name</td><td>Firstname Female Lastname</td></tr><tr><td>Date of birth</td><td><span>01 January 1990</span></td></tr><tr><td>Gender</td><td>female</td></tr><tr><td>Address</td><td><span>Oud-Strijderslaan 199 </span><br/><span>Herentals </span><span>BE </span></td></tr></tbody><thead><tr><td colspan="2" onclick="this.classList.toggle('displayed'); this.parentElement.parentElement.nextElementSibling.classList.toggle('hidden')" class="toggable"><div><div>Performer</div><div><span class="clicktoshow">click to show</span><span class="clicktohide">click to hide</span></div></div></td></tr></thead><tbody class="hidden"><tr><td>Identifier</td><td>68071432800</td></tr><tr><td>Name</td><td>Frans Engelen</td></tr><tr><td>Telecom</td><td>014/28.50.00</td></tr><tr><td>Address</td><td><span>Oud-Strijderslaan 199 </span><br/><span>Herentals </span><span>BE </span></td></tr></tbody></table></td></tr><tr class="level_1 hapiTableOfValuesRowOdd"><td style="vertical-align:top" class="label"> Cytologie </td><td>    <!-- quantity -->    <!-- string --><pre>TYPE STAAL<br/>  Monolayer gescreend mbv. ThinPrep Imaging System<br/>KWALITEIT<br/>  Goed beoordeelbaar<br/>RESULTAAT<br/>  Plaveiselepitheel<br/>    Oppervlakkige  : 2+<br/>    Intermediaire  : 2+<br/>    Atypie         : 1+<br/>  Glandulair epitheel<br/>    Endocervix     : 1+<br/>  Metaplasie     : 1+<br/>  Granulocyten   : 1+<br/>BESLUIT<br/>  Vervolgonderzoek 1<br/>  LSIL:  Laaggradig squameus<br/>  intraepitheliaal letsel<br/>  (64CY.LSIL)<br/>ADVIES<br/>  Colposcopie met biopsie<br/>  Indien mogelijk ontvingen we graag het verslag<br/>  van het histologisch onderzoek voor verdere<br/>  follow-up.<br/><br/>Elektronisch gevalideerd. Onder supervisie van<br/>Dr. Johan Vandepitte (Tel.: 011/225288)</pre>
                    
                
                    <!-- codeable concept -->
                
                    <!-- boolean -->
                
                    <!-- date time -->
                
                    <!-- integer -->
                
                    <!-- period -->
                
                    <!-- range -->
                
                    <!-- ratio -->
                
                    <!-- sample data, what is this in a lab context? -->
                    <!-- time -->
                
            </td>
            <td>
                
            </td>
            <td>
                
            </td>
            <td>
                FINAL
            </td>
            
                <td onclick="this.classList.toggle('displayed');  this.parentElement.nextElementSibling.classList.toggle('hidden');" class="toggable">
                    <div>
                        <span class="inline clicktoshow">+</span><span class="inline clicktohide">-</span>
                    </div>
                </td>
            
            
        </tr>
        <tr class="hidden">
            <td colspan="6">
                <table class="hapiPropertyTable">
                        
    <thead>
    <tr>
        <td colspan="2">Details</td>
    </tr>
    </thead>
    <tbody>
        
    
    
    <tr>
        <td>Code</td>
        <td>
            
    Cytologie
    
    (47528-5)
    (http://loinc.org)

        </td>
    </tr>

    
    
    <tr>
        <td>Effective date (datetime)</td>
        <td>17 December 2021 00:00:00</td>
    </tr>
    
        <!-- will effective timing ever occur in context of lab results? -->
        <!-- tr th:if="${result.resource.hasEffectiveTiming}">
        <td>Effective date</td>
        <td>(effective timing)</td>
    </tr -->
    
    <tr>
        <td>Issued date</td>
        <td>2021-12-17T02:29:37.037+0100</td>
    </tr>
    
    
    
    

    </tbody>

                        
    <thead><tr>
        <td colspan="2" onclick="this.classList.toggle('displayed'); this.parentElement.parentElement.nextElementSibling.classList.toggle('hidden')" class="toggable">
            <div>
                <div>Subject</div><div>
                <span class="clicktoshow">click to show</span><span class="clicktohide">click to hide</span>
            </div>
            </div>
        </td>
    </tr></thead>
    <tbody class="hidden">
    <tr>
        <td>Identifier</td>
        <td>
            Official
            90010199893
            (https://www.ehealth.fgov.be/standards/fhir/core/NamingSystem/ssin)
        </td>
    </tr>
    <tr>
        <td>Patient name</td>
        <td>Firstname Female Lastname</td>
    </tr>
    <tr>
        <td>Date of birth</td>
        <td><span>01 January 1990</span>
        </td>
    </tr>
    <tr>
        <td>Gender</td>
        <td>female</td>
    </tr>
    
    <tr>
        <td>Address</td>
        <td>
	<span>Oud-Strijderslaan 199 </span><br/>

<span>Herentals </span>

<span>BE </span>
</td>
    </tr>
    </tbody>

                        
    <thead><tr>
        <td colspan="2" onclick="this.classList.toggle('displayed'); this.parentElement.parentElement.nextElementSibling.classList.toggle('hidden')" class="toggable">
            <div>
                <div>Specimen</div><div>
                <span class="clicktoshow">click to show</span><span class="clicktohide">click to hide</span>
            </div>
            </div>
        </td>
    </tr></thead>
    <tbody class="hidden">
        <!-- Identifier -->
    <tr>
        <td>Identifier</td>
        <td>
            
            001815333059
            (http://www.macsys.be/hl7/Specimen)
        </td>
    </tr>
        <!-- Status -->
    <tr>
        <td>Status</td>
        <td>AVAILABLE
</td>
    </tr>
        <!-- Type -->
    
    
    <tr>
        <td>Type</td>
        <td>
            
    
    Genital vaginal
    (GENV)
    (http://terminology.hl7.org/CodeSystem/v2-0487)

        </td>
    </tr>

        <!-- Subject -->
    <tr>
        <td>Patient</td>
        <td>
            Firstname Female Lastname
             (90010199893)
        </td>
    </tr>
        <!-- Received time -->
    <tr>
        <td>Received</td>
        <td>17 December 2021 14:28:34</td>
    </tr>
        <!-- Requests -->
    
        <!-- Specimen collection -->
    
            <!-- Collection collector -->
        
        
    <tr class="Collector">
        <td>Collector</td>
        <td onclick="this.classList.toggle('displayed'); var ns = this.parentElement; while(ns.nextElementSibling &amp;&amp; ns.nextElementSibling.classList.contains([...ns.classList].find(function(x) { return x !== 'hidden' }))) { ns.nextElementSibling.classList.toggle('hidden'); ns = ns.nextElementSibling }" class="toggable">
            <div>
                <div>
                    Dr. Fhir Cma - Herentals
                     (https://www.ehealth.fgov.be/standards/fhir/core/NamingSystem/nihdi)
                     (10000007999)
                </div><div>
                <span class="inline clicktoshow">+</span><span class="inline clicktohide">-</span>
            </div>
            </div>
        </td>
    </tr>
    <tr class="hidden Collector">
        <td>Identifier</td>
        <td>10000007999
</td>
    </tr>
    <tr class="hidden Collector">
        <td>Name</td>
        <td>Dr. Fhir Cma - Herentals</td>
    </tr>
    <tr class="hidden Collector">
        <td>Telecom</td>
        <td>info@cma.be
</td>
    </tr>
    <tr class="hidden Collector">
        <td>Telecom</td>
        <td>(+32)14/225608
</td>
    </tr>
    <tr class="hidden Collector">
        <td>Telecom</td>
        <td>(+32)14/285000
</td>
    </tr>
    <tr class="hidden Collector">
        <td>Address</td>
        <td>
	<span>Oud-Strijderslaan 199 </span><br/>

<span>Herentals </span>

<span>BE </span>
</td>
    </tr>
    

            <!-- Collection collected date -->
        <tr>
            <td>Collected date</td>
            <td>17 December 2021 00:00:00</td>
        </tr>
            <!-- Collection collected period -->
        
            <!-- Collection duration -->
        
            <!-- Collection quantity -->
        
            <!-- Collection method -->
        
            <!-- Collection body site -->
        
            <!-- Collection fasted status (CodeableConcept) -->
        
    
    

            <!-- Fasted status (Duration) -->
        
            <!-- Processings -->
        
            <!-- Containers -->
        
            <!-- Condition -->
        
            <!-- Notes -->
        
    
    </tbody>

                        
                            
                            
    <thead><tr>
        <td colspan="2" onclick="this.classList.toggle('displayed'); this.parentElement.parentElement.nextElementSibling.classList.toggle('hidden')" class="toggable">
            <div>
                <div>Performer</div><div>
                <span class="clicktoshow">click to show</span><span class="clicktohide">click to hide</span>
            </div>
            </div>
        </td>
    </tr></thead>
    <tbody class="hidden">
    <tr>
        <td>Identifier</td>
        <td>68071432800
</td>
    </tr>
    <tr>
        <td>Name</td>
        <td>Frans Engelen</td>
    </tr>
    <tr>
        <td>Telecom</td>
        <td>014/28.50.00
</td>
    </tr>
    <tr>
        <td>Address</td>
        <td>
	<span>Oud-Strijderslaan 199 </span><br/>

<span>Herentals </span>

<span>BE </span>
</td>
    </tr>
    
    </tbody>

                        
                        
                </table>
            </td>
        </tr>
        
    

        
    
    
        <tr class="level_1 hapiTableOfValuesRowEven">
            <td style="vertical-align:top" class="label">
                HPV PCR-DNA op cyt. ind.
                
                
            </td>
            <td>
                    <!-- quantity -->
                
                    <!-- string -->
                
                    
                    Positief
                
                    <!-- codeable concept -->
                
                    <!-- boolean -->
                
                    <!-- date time -->
                
                    <!-- integer -->
                
                    <!-- period -->
                
                    <!-- range -->
                
                    <!-- ratio -->
                
                    <!-- sample data, what is this in a lab context? -->
                    <!-- time -->
                
            </td>
            <td>
                
                    
                    
                    
                        
                        
                        H
                    
                
            </td>
            <td>
                
            </td>
            <td>
                FINAL
            </td>
            
                <td onclick="this.classList.toggle('displayed');  this.parentElement.nextElementSibling.classList.toggle('hidden');" class="toggable">
                    <div>
                        <span class="inline clicktoshow">+</span><span class="inline clicktohide">-</span>
                    </div>
                </td>
            
            
        </tr>
        <tr class="hidden">
            <td colspan="6">
                <table class="hapiPropertyTable">
                        
    <thead>
    <tr>
        <td colspan="2">Details</td>
    </tr>
    </thead>
    <tbody>
        
    
    
    <tr>
        <td>Code</td>
        <td>
            
    HPV PCR-DNA op cyt. ind.
    
    (49891-5)
    (http://loinc.org)

        </td>
    </tr>

    
    
    <tr>
        <td>Effective date (datetime)</td>
        <td>17 December 2021 00:00:00</td>
    </tr>
    
        <!-- will effective timing ever occur in context of lab results? -->
        <!-- tr th:if="${result.resource.hasEffectiveTiming}">
        <td>Effective date</td>
        <td>(effective timing)</td>
    </tr -->
    
    <tr>
        <td>Issued date</td>
        <td>2021-12-17T02:30:06.006+0100</td>
    </tr>
    
    <tr>
        <td>Note</td>
        <td>



    HPV high risk 16: negatief<br/>HPV high risk 18: negatief<br/>HPV high risk 31,33,35,39,45,51,52,56,58,59,<br/>66 en/of 68: positief
</td>
    </tr>
    
    

    </tbody>

                        
    <thead><tr>
        <td colspan="2" onclick="this.classList.toggle('displayed'); this.parentElement.parentElement.nextElementSibling.classList.toggle('hidden')" class="toggable">
            <div>
                <div>Subject</div><div>
                <span class="clicktoshow">click to show</span><span class="clicktohide">click to hide</span>
            </div>
            </div>
        </td>
    </tr></thead>
    <tbody class="hidden">
    <tr>
        <td>Identifier</td>
        <td>
            Official
            90010199893
            (https://www.ehealth.fgov.be/standards/fhir/core/NamingSystem/ssin)
        </td>
    </tr>
    <tr>
        <td>Patient name</td>
        <td>Firstname Female Lastname</td>
    </tr>
    <tr>
        <td>Date of birth</td>
        <td><span>01 January 1990</span>
        </td>
    </tr>
    <tr>
        <td>Gender</td>
        <td>female</td>
    </tr>
    
    <tr>
        <td>Address</td>
        <td>
	<span>Oud-Strijderslaan 199 </span><br/>

<span>Herentals </span>

<span>BE </span>
</td>
    </tr>
    </tbody>

                        
    <thead><tr>
        <td colspan="2" onclick="this.classList.toggle('displayed'); this.parentElement.parentElement.nextElementSibling.classList.toggle('hidden')" class="toggable">
            <div>
                <div>Specimen</div><div>
                <span class="clicktoshow">click to show</span><span class="clicktohide">click to hide</span>
            </div>
            </div>
        </td>
    </tr></thead>
    <tbody class="hidden">
        <!-- Identifier -->
    <tr>
        <td>Identifier</td>
        <td>
            
            001815333059
            (http://www.macsys.be/hl7/Specimen)
        </td>
    </tr>
        <!-- Status -->
    <tr>
        <td>Status</td>
        <td>AVAILABLE
</td>
    </tr>
        <!-- Type -->
    
    
    <tr>
        <td>Type</td>
        <td>
            
    
    Genital vaginal
    (GENV)
    (http://terminology.hl7.org/CodeSystem/v2-0487)

        </td>
    </tr>

        <!-- Subject -->
    <tr>
        <td>Patient</td>
        <td>
            Firstname Female Lastname
             (90010199893)
        </td>
    </tr>
        <!-- Received time -->
    <tr>
        <td>Received</td>
        <td>17 December 2021 14:28:34</td>
    </tr>
        <!-- Requests -->
    
        <!-- Specimen collection -->
    
            <!-- Collection collector -->
        
        
    <tr class="Collector">
        <td>Collector</td>
        <td onclick="this.classList.toggle('displayed'); var ns = this.parentElement; while(ns.nextElementSibling &amp;&amp; ns.nextElementSibling.classList.contains([...ns.classList].find(function(x) { return x !== 'hidden' }))) { ns.nextElementSibling.classList.toggle('hidden'); ns = ns.nextElementSibling }" class="toggable">
            <div>
                <div>
                    Dr. Fhir Cma - Herentals
                     (https://www.ehealth.fgov.be/standards/fhir/core/NamingSystem/nihdi)
                     (10000007999)
                </div><div>
                <span class="inline clicktoshow">+</span><span class="inline clicktohide">-</span>
            </div>
            </div>
        </td>
    </tr>
    <tr class="hidden Collector">
        <td>Identifier</td>
        <td>10000007999
</td>
    </tr>
    <tr class="hidden Collector">
        <td>Name</td>
        <td>Dr. Fhir Cma - Herentals</td>
    </tr>
    <tr class="hidden Collector">
        <td>Telecom</td>
        <td>info@cma.be
</td>
    </tr>
    <tr class="hidden Collector">
        <td>Telecom</td>
        <td>(+32)14/225608
</td>
    </tr>
    <tr class="hidden Collector">
        <td>Telecom</td>
        <td>(+32)14/285000
</td>
    </tr>
    <tr class="hidden Collector">
        <td>Address</td>
        <td>
	<span>Oud-Strijderslaan 199 </span><br/>

<span>Herentals </span>

<span>BE </span>
</td>
    </tr>
    

            <!-- Collection collected date -->
        <tr>
            <td>Collected date</td>
            <td>17 December 2021 00:00:00</td>
        </tr>
            <!-- Collection collected period -->
        
            <!-- Collection duration -->
        
            <!-- Collection quantity -->
        
            <!-- Collection method -->
        
            <!-- Collection body site -->
        
            <!-- Collection fasted status (CodeableConcept) -->
        
    
    

            <!-- Fasted status (Duration) -->
        
            <!-- Processings -->
        
            <!-- Containers -->
        
            <!-- Condition -->
        
            <!-- Notes -->
        
    
    </tbody>

                        
                            
                            
    <thead><tr>
        <td colspan="2" onclick="this.classList.toggle('displayed'); this.parentElement.parentElement.nextElementSibling.classList.toggle('hidden')" class="toggable">
            <div>
                <div>Performer</div><div>
                <span class="clicktoshow">click to show</span><span class="clicktohide">click to hide</span>
            </div>
            </div>
        </td>
    </tr></thead>
    <tbody class="hidden">
    <tr>
        <td>Identifier</td>
        <td>68071432800
</td>
    </tr>
    <tr>
        <td>Name</td>
        <td>Frans Engelen</td>
    </tr>
    <tr>
        <td>Telecom</td>
        <td>014/28.50.00
</td>
    </tr>
    <tr>
        <td>Address</td>
        <td>
	<span>Oud-Strijderslaan 199 </span><br/>

<span>Herentals </span>

<span>BE </span>
</td>
    </tr>
    
    </tbody>

                        
                        
                </table>
            </td>
        </tr>
        
    

        
    

        
    
</tbody>
    </table>

</div></body></html>

