{
    "resourceType": "Bundle",
    "type": "document",
    "timestamp": "2022-01-17T14:34:39Z",
    "identifier": {
        "system": "https://www.ehealth.fgov.be/lab-report/bundle-id",
        "value": "81365677998.815933569.3"
    }
,             "entry":[{
    "fullUrl": "Composition/815933569",
    "resource": {
        "resourceType": "Composition",
        "id": "815933569",
        "meta": {
            "profile": [
                "https://www.ehealth.fgov.be/standards/fhir/lab/StructureDefinition/be-laboratory-report-composition"
            ]
        },
        "text": {
            "status": "empty"
        },
        "identifier": {
            "system": "http://www.macsys.be/hl7/Composition",
            "value": "815933569"
        },
        "status": "final",
        "type": {
            "coding": [
                {
                    "system": "http://loinc.org",
                    "code": "11502-2"
                }
            ],
            "text": "Laboratory report"
        },
        "subject": {
            "reference": "Patient/7165401"
        },
        "date": "2022-01-17T14:34:39+01:00",
        "author": [
            {
                "reference": "Practitioner/Responsible"
            }
        ],
        "title": "Laboratory Report",
        "section": [
            {
                "entry": [
                    {
                        "reference": "DiagnosticReport/815933569"
                    }
                ]
            }
        ]
    }
}
,{
    "fullUrl": "Specimen/002815933569",
    "resource": {
        "resourceType": "Specimen",
        "id": "002815933569",
        "meta": {
            "profile": [
                "https://www.ehealth.fgov.be/standards/fhir/lab/StructureDefinition/be-specimen-laboratory"
            ]
        },
        "text": {
            "status": "empty"
        },
        "identifier": [
            {
                "system": "http://www.macsys.be/hl7/Specimen",
                "value": "002815933569"
            }
        ],
        "status": "available",
        "type": {
            "coding": [
                {
                    "system": "http://terminology.hl7.org/CodeSystem/v2-0487",
                    "code": "SNV",
                    "display": "Fluid, synovial (Joint fluid)"
                }
            ],
            "text": "Gewrichtsvocht"
        },
        "subject": {
            "reference": "Patient/7165401"
        },
        "receivedTime": "2022-01-07T15:31:23+01:00",
        "collection": {
            "collectedDateTime": "2022-01-07T00:00:00+01:00",
            "collector": {
                "reference": "Practitioner/69"
            }
        }
    }
}
,{
    "fullUrl": "Observation/Observation.1.0.0.0",
    "resource": {
        "resourceType": "Observation",
        "id": "Observation.1.0.0.0",
        "meta": {
            "profile": [
                "https://www.ehealth.fgov.be/standards/fhir/lab/StructureDefinition/be-observation-laboratory"
            ]
        },
        "text": {
            "status": "empty"
        },
        "status": "final",
        "code": {
            "text": "PUNCTIEVOCHT"
        },
        "subject": {
            "reference": "Patient/7165401"
        },
        "effectiveDateTime": "2022-01-07T00:00:00+01:00",
        "performer": [
            {
                "reference": "Practitioner/Responsible"
            }
        ],
        "hasMember": [
            {
                "reference": "Observation/Observation.1.0.0.1"
            },
            {
                "reference": "Observation/Observation.1.0.0.2"
            },
            {
                "reference": "Observation/Observation.1.0.0.3"
            },
            {
                "reference": "Observation/Observation.1.0.0.4"
            },
            {
                "reference": "Observation/Observation.1.0.0.5"
            },
            {
                "reference": "Observation/Observation.1.0.0.6"
            },
            {
                "reference": "Observation/Observation.1.0.0.7"
            },
            {
                "reference": "Observation/Observation.1.0.0.8"
            },
            {
                "reference": "Observation/Observation.1.0.0.9"
            },
            {
                "reference": "Observation/Observation.1.0.0.10"
            },
            {
                "reference": "Observation/Observation.1.0.0.11"
            },
            {
                "reference": "Observation/Observation.1.0.0.12"
            },
            {
                "reference": "Observation/Observation.1.0.0.13"
            }
        ]
    }
}
,{
    "fullUrl": "Observation/Observation.1.0.0.1",
    "resource": {
        "resourceType": "Observation",
        "id": "Observation.1.0.0.1",
        "meta": {
            "profile": [
                "https://www.ehealth.fgov.be/standards/fhir/lab/StructureDefinition/be-observation-laboratory"
            ]
        },
        "text": {
            "status": "empty"
        },
        "status": "final",
        "code": {
            "coding": [
                {
                    "system": "http://loinc.org",
                    "code": "39112-8"
                }
            ],
            "text": "Herkomst"
        },
        "subject": {
            "reference": "Patient/7165401"
        },
        "effectiveDateTime": "2022-01-07T00:00:00+01:00",
        "issued": "2022-01-07T15:31:31+01:00",
        "performer": [
            {
                "reference": "Practitioner/Responsible"
            }
        ],
        "valueString": "Knie rechts",
        "specimen": {
            "reference": "Specimen/002815933569"
        }
    }
}
,{
    "fullUrl": "Observation/Observation.1.0.0.2",
    "resource": {
        "resourceType": "Observation",
        "id": "Observation.1.0.0.2",
        "meta": {
            "profile": [
                "https://www.ehealth.fgov.be/standards/fhir/lab/StructureDefinition/be-observation-laboratory"
            ]
        },
        "text": {
            "status": "empty"
        },
        "status": "final",
        "code": {
            "coding": [
                {
                    "system": "http://loinc.org",
                    "code": "10333-3"
                }
            ],
            "text": "Uitzicht"
        },
        "subject": {
            "reference": "Patient/7165401"
        },
        "effectiveDateTime": "2022-01-07T00:00:00+01:00",
        "issued": "2022-01-07T17:24:35+01:00",
        "performer": [
            {
                "reference": "Practitioner/Responsible"
            }
        ],
        "valueString": "Kleur : geel\r\nHelderheid : helder\r\nViscositeit : < 3 cm\r\nVolume : 2 mL",
        "specimen": {
            "reference": "Specimen/002815933569"
        }
    }
}
,{
    "fullUrl": "Observation/Observation.1.0.0.3",
    "resource": {
        "resourceType": "Observation",
        "id": "Observation.1.0.0.3",
        "meta": {
            "profile": [
                "https://www.ehealth.fgov.be/standards/fhir/lab/StructureDefinition/be-observation-laboratory"
            ]
        },
        "text": {
            "status": "empty"
        },
        "status": "final",
        "code": {
            "coding": [
                {
                    "system": "http://loinc.org",
                    "code": "26458-0"
                }
            ],
            "text": "Erytrocyten"
        },
        "subject": {
            "reference": "Patient/7165401"
        },
        "effectiveDateTime": "2022-01-07T00:00:00+01:00",
        "issued": "2022-01-07T17:24:53+01:00",
        "performer": [
            {
                "reference": "Practitioner/Responsible"
            }
        ],
        "valueQuantity": {
            "value": 10000,
            "comparator": "<",
            "unit": "/uL",
            "system": "http://unitsofmeasure.org",
            "code": "/uL"
        },
        "specimen": {
            "reference": "Specimen/002815933569"
        }
    }
}
,{
    "fullUrl": "Observation/Observation.1.0.0.4",
    "resource": {
        "resourceType": "Observation",
        "id": "Observation.1.0.0.4",
        "meta": {
            "profile": [
                "https://www.ehealth.fgov.be/standards/fhir/lab/StructureDefinition/be-observation-laboratory"
            ]
        },
        "text": {
            "status": "empty"
        },
        "status": "final",
        "code": {
            "coding": [
                {
                    "system": "http://loinc.org",
                    "code": "813-6"
                }
            ],
            "text": "Leukocyten"
        },
        "subject": {
            "reference": "Patient/7165401"
        },
        "effectiveDateTime": "2022-01-07T00:00:00+01:00",
        "issued": "2022-01-17T14:29:00+01:00",
        "performer": [
            {
                "reference": "Practitioner/Responsible"
            }
        ],
        "valueQuantity": {
            "value": 5370,
            "unit": "/uL",
            "system": "http://unitsofmeasure.org",
            "code": "/uL"
        },
        "interpretation": [
            {
                "coding": [
                    {
                        "system": "http://terminology.hl7.org/CodeSystem/v3-ObservationInterpretation",
                        "code": "H"
                    }
                ]
            }
        ],
        "specimen": {
            "reference": "Specimen/002815933569"
        },
        "referenceRange": [
            {
                "high": {
                    "value": 200,
                    "unit": "/uL",
                    "system": "http://unitsofmeasure.org",
                    "code": "/uL"
                },
                "text": "Niet-inflammatoire/traumatische gewrichtsaandoeningen\r\n  <2000\r\nInflammatoire gewrichtsaandoeningen   6000 -  40000\r\nVerdacht voor septische arthritis   >60000"
            }
        ]
    }
}
,{
    "fullUrl": "Observation/Observation.1.0.0.5",
    "resource": {
        "resourceType": "Observation",
        "id": "Observation.1.0.0.5",
        "meta": {
            "profile": [
                "https://www.ehealth.fgov.be/standards/fhir/lab/StructureDefinition/be-observation-laboratory"
            ]
        },
        "text": {
            "status": "empty"
        },
        "status": "final",
        "code": {
            "coding": [
                {
                    "system": "http://loinc.org",
                    "code": "33386-4"
                }
            ],
            "text": "Polynucleairen"
        },
        "subject": {
            "reference": "Patient/7165401"
        },
        "effectiveDateTime": "2022-01-07T00:00:00+01:00",
        "issued": "2022-01-17T14:29:06+01:00",
        "performer": [
            {
                "reference": "Practitioner/Responsible"
            }
        ],
        "valueQuantity": {
            "value": 89,
            "unit": "%",
            "system": "http://unitsofmeasure.org",
            "code": "%"
        },
        "interpretation": [
            {
                "coding": [
                    {
                        "system": "http://terminology.hl7.org/CodeSystem/v3-ObservationInterpretation",
                        "code": "H"
                    }
                ]
            }
        ],
        "specimen": {
            "reference": "Specimen/002815933569"
        },
        "referenceRange": [
            {
                "high": {
                    "value": 25,
                    "unit": "%",
                    "system": "http://unitsofmeasure.org",
                    "code": "%"
                }
            }
        ]
    }
}
,{
    "fullUrl": "Observation/Observation.1.0.0.6",
    "resource": {
        "resourceType": "Observation",
        "id": "Observation.1.0.0.6",
        "meta": {
            "profile": [
                "https://www.ehealth.fgov.be/standards/fhir/lab/StructureDefinition/be-observation-laboratory"
            ]
        },
        "text": {
            "status": "empty"
        },
        "status": "final",
        "code": {
            "coding": [
                {
                    "system": "http://loinc.org",
                    "code": "17286-6"
                }
            ],
            "text": "Mononucleairen"
        },
        "subject": {
            "reference": "Patient/7165401"
        },
        "effectiveDateTime": "2022-01-07T00:00:00+01:00",
        "issued": "2022-01-17T14:29:12+01:00",
        "performer": [
            {
                "reference": "Practitioner/Responsible"
            }
        ],
        "valueQuantity": {
            "value": 11,
            "unit": "%",
            "system": "http://unitsofmeasure.org",
            "code": "%"
        },
        "specimen": {
            "reference": "Specimen/002815933569"
        }
    }
}
,{
    "fullUrl": "Observation/Observation.1.0.0.7",
    "resource": {
        "resourceType": "Observation",
        "id": "Observation.1.0.0.7",
        "meta": {
            "profile": [
                "https://www.ehealth.fgov.be/standards/fhir/lab/StructureDefinition/be-observation-laboratory"
            ]
        },
        "text": {
            "status": "empty"
        },
        "status": "final",
        "code": {
            "coding": [
                {
                    "system": "http://loinc.org",
                    "code": "2348-1"
                }
            ],
            "text": "Glucose"
        },
        "subject": {
            "reference": "Patient/7165401"
        },
        "effectiveDateTime": "2022-01-07T00:00:00+01:00",
        "issued": "2022-01-07T17:25:03+01:00",
        "performer": [
            {
                "reference": "Practitioner/Responsible"
            }
        ],
        "valueQuantity": {
            "value": 69,
            "unit": "mg/dL",
            "system": "http://unitsofmeasure.org",
            "code": "mg/dL"
        },
        "specimen": {
            "reference": "Specimen/002815933569"
        },
        "referenceRange": [
            {
                "low": {
                    "value": 60,
                    "unit": "mg/dL",
                    "system": "http://unitsofmeasure.org",
                    "code": "mg/dL"
                },
                "high": {
                    "value": 99,
                    "unit": "mg/dL",
                    "system": "http://unitsofmeasure.org",
                    "code": "mg/dL"
                }
            }
        ]
    }
}
,{
    "fullUrl": "Observation/Observation.1.0.0.8",
    "resource": {
        "resourceType": "Observation",
        "id": "Observation.1.0.0.8",
        "meta": {
            "profile": [
                "https://www.ehealth.fgov.be/standards/fhir/lab/StructureDefinition/be-observation-laboratory"
            ]
        },
        "text": {
            "status": "empty"
        },
        "status": "final",
        "code": {
            "coding": [
                {
                    "system": "http://loinc.org",
                    "code": "2886-0"
                }
            ],
            "text": "Totaal eiwit"
        },
        "subject": {
            "reference": "Patient/7165401"
        },
        "effectiveDateTime": "2022-01-07T00:00:00+01:00",
        "issued": "2022-01-07T17:25:09+01:00",
        "performer": [
            {
                "reference": "Practitioner/Responsible"
            }
        ],
        "valueQuantity": {
            "value": 47,
            "unit": "g/L",
            "system": "http://unitsofmeasure.org",
            "code": "g/L"
        },
        "interpretation": [
            {
                "coding": [
                    {
                        "system": "http://terminology.hl7.org/CodeSystem/v3-ObservationInterpretation",
                        "code": "H"
                    }
                ]
            }
        ],
        "specimen": {
            "reference": "Specimen/002815933569"
        },
        "referenceRange": [
            {
                "high": {
                    "value": 30,
                    "unit": "g/L",
                    "system": "http://unitsofmeasure.org",
                    "code": "g/L"
                }
            }
        ]
    }
}
,{
    "fullUrl": "Observation/Observation.1.0.0.9",
    "resource": {
        "resourceType": "Observation",
        "id": "Observation.1.0.0.9",
        "meta": {
            "profile": [
                "https://www.ehealth.fgov.be/standards/fhir/lab/StructureDefinition/be-observation-laboratory"
            ]
        },
        "text": {
            "status": "empty"
        },
        "status": "final",
        "code": {
            "coding": [
                {
                    "system": "http://loinc.org",
                    "code": "3085-8"
                }
            ],
            "text": "Urinezuur"
        },
        "subject": {
            "reference": "Patient/7165401"
        },
        "effectiveDateTime": "2022-01-07T00:00:00+01:00",
        "issued": "2022-01-07T17:25:24+01:00",
        "performer": [
            {
                "reference": "Practitioner/Responsible"
            }
        ],
        "valueQuantity": {
            "value": 3.6,
            "unit": "mg/dL",
            "system": "http://unitsofmeasure.org",
            "code": "mg/dL"
        },
        "specimen": {
            "reference": "Specimen/002815933569"
        },
        "referenceRange": [
            {
                "low": {
                    "value": 2.4,
                    "unit": "mg/dL",
                    "system": "http://unitsofmeasure.org",
                    "code": "mg/dL"
                },
                "high": {
                    "value": 5.7,
                    "unit": "mg/dL",
                    "system": "http://unitsofmeasure.org",
                    "code": "mg/dL"
                }
            }
        ]
    }
}
,{
    "fullUrl": "Observation/Observation.1.0.0.10",
    "resource": {
        "resourceType": "Observation",
        "id": "Observation.1.0.0.10",
        "meta": {
            "profile": [
                "https://www.ehealth.fgov.be/standards/fhir/lab/StructureDefinition/be-observation-laboratory"
            ]
        },
        "text": {
            "status": "empty"
        },
        "status": "final",
        "code": {
            "coding": [
                {
                    "system": "http://loinc.org",
                    "code": "14359-4"
                }
            ],
            "text": "Rechtstreeks onderzoek"
        },
        "subject": {
            "reference": "Patient/7165401"
        },
        "effectiveDateTime": "2022-01-07T00:00:00+01:00",
        "issued": "2022-01-07T17:26:35+01:00",
        "performer": [
            {
                "reference": "Practitioner/Responsible"
            }
        ],
        "valueString": "Ettercellen 1+\r\nEpitheelcellen zelden\r\nGeen kristallen waargenomen",
        "specimen": {
            "reference": "Specimen/002815933569"
        }
    }
}
,{
    "fullUrl": "Observation/Observation.1.0.0.11",
    "resource": {
        "resourceType": "Observation",
        "id": "Observation.1.0.0.11",
        "meta": {
            "profile": [
                "https://www.ehealth.fgov.be/standards/fhir/lab/StructureDefinition/be-observation-laboratory"
            ]
        },
        "text": {
            "status": "empty"
        },
        "status": "final",
        "code": {
            "coding": [
                {
                    "system": "http://loinc.org",
                    "code": "17279-1"
                }
            ],
            "text": "Cultuur"
        },
        "subject": {
            "reference": "Patient/7165401"
        },
        "effectiveDateTime": "2022-01-07T00:00:00+01:00",
        "issued": "2022-01-07T17:26:42+01:00",
        "performer": [
            {
                "reference": "Practitioner/Responsible"
            }
        ],
        "valueString": "Negatief (geen groei)",
        "specimen": {
            "reference": "Specimen/002815933569"
        }
    }
}
,{
    "fullUrl": "Observation/Observation.1.0.0.12",
    "resource": {
        "resourceType": "Observation",
        "id": "Observation.1.0.0.12",
        "meta": {
            "profile": [
                "https://www.ehealth.fgov.be/standards/fhir/lab/StructureDefinition/be-observation-laboratory"
            ]
        },
        "text": {
            "status": "empty"
        },
        "status": "final",
        "code": {
            "coding": [
                {
                    "system": "http://loinc.org",
                    "code": "87942-9"
                }
            ],
            "text": "Anaerobe cultuur"
        },
        "subject": {
            "reference": "Patient/7165401"
        },
        "effectiveDateTime": "2022-01-07T00:00:00+01:00",
        "issued": "2022-01-07T17:26:54+01:00",
        "performer": [
            {
                "reference": "Practitioner/Responsible"
            }
        ],
        "valueString": "Geen strikt anaerobe kiemen ge�soleerd",
        "specimen": {
            "reference": "Specimen/002815933569"
        }
    }
}
,{
    "fullUrl": "Observation/Observation.1.0.0.13",
    "resource": {
        "resourceType": "Observation",
        "id": "Observation.1.0.0.13",
        "meta": {
            "profile": [
                "https://www.ehealth.fgov.be/standards/fhir/lab/StructureDefinition/be-observation-laboratory"
            ]
        },
        "text": {
            "status": "empty"
        },
        "status": "final",
        "code": {
            "coding": [
                {
                    "system": "http://www.macsys.be/hl7/testcode",
                    "code": "MED17750"
                }
            ],
            "text": "Antibiogram"
        },
        "subject": {
            "reference": "Patient/7165401"
        },
        "effectiveDateTime": "2022-01-07T00:00:00+01:00",
        "issued": "2022-01-07T17:26:54+01:00",
        "performer": [
            {
                "reference": "Practitioner/Responsible"
            }
        ],
        "valueString": "Niet uitgevoerd",
        "specimen": {
            "reference": "Specimen/002815933569"
        }
    }
}
,{
    "fullUrl": "DiagnosticReport/815933569",
    "resource": {
        "resourceType": "DiagnosticReport",
        "id": "815933569",
        "meta": {
            "versionId": "3",
            "profile": [
                "https://www.ehealth.fgov.be/standards/fhir/lab/StructureDefinition/be-laboratory-report"
            ]
        },
        "language": "nl",
        "text": {
            "status": "empty"
        },
        "identifier": [
            {
                "system": "https://www.ehealth.fgov.be/lab-report/diagnostic-report-id",
                "value": "81365677998.815933569"
            }
        ],
        "basedOn": [
            {
                "reference": "ServiceRequest/815933569"
            }
        ],
        "status": "final",
        "category": [
            {
                "coding": [
                    {
                        "system": "http://terminology.hl7.org/CodeSystem/v2-0074",
                        "code": "LAB",
                        "display": "Laboratory"
                    }
                ]
            }
        ],
        "code": {
            "coding": [
                {
                    "system": "http://loinc.org",
                    "code": "11502-2",
                    "display": "Laboratory report"
                }
            ]
        },
        "subject": {
            "reference": "Patient/7165401"
        },
        "effectiveDateTime": "2022-01-07T00:00:00+01:00",
        "issued": "2022-01-17T14:34:39+01:00",
        "performer": [
            {
                "reference": "Organization/81365677998"
            }
        ],
        "resultsInterpreter": [
            {
                "reference": "Practitioner/Responsible"
            }
        ],
        "specimen": [
            {
                "reference": "Specimen/002815933569"
            }
        ],
        "result": [
            {
                "reference": "Observation/Observation.1.0.0.0"
            }
        ]
    }
}
,{
    "fullUrl": "Organization/81365677998",
    "resource": {
        "resourceType": "Organization",
        "id": "81365677998",
        "meta": {
            "profile": [
                "https://www.ehealth.fgov.be/standards/fhir/core/StructureDefinition/be-organization"
            ]
        },
        "text": {
            "status": "empty"
        },
        "identifier": [
            {
                "use": "official",
                "type": {
                    "coding": [
                        {
                            "system": "http://terminology.hl7.org/CodeSystem/v2-0203",
                            "code": "MD",
                            "display": "Medical License number"
                        }
                    ]
                },
                "system": "https://www.ehealth.fgov.be/standards/fhir/core/NamingSystem/nihdi",
                "value": "81365677998"
            },
            {
                "use": "official",
                "system": "https://economie.fgov.be/belac",
                "value": "007-MED"
            }
        ],
        "active": true,
        "type": [
            {
                "coding": [
                    {
                        "system": "https://www.ehealth.fgov.be/standards/fhir/core/CodeSystem/cd-hcparty",
                        "code": "orglaboratory"
                    }
                ]
            }
        ],
        "name": "CENTRUM VOOR MEDISCHE ANALYSE",
        "telecom": [
            {
                "system": "phone",
                "value": "014/28.50.00",
                "use": "work"
            },
            {
                "system": "fax",
                "value": "014/22.56.08",
                "use": "work"
            },
            {
                "system": "email",
                "value": "info@cma.be",
                "use": "work"
            },
            {
                "system": "url",
                "value": "http://www.cma.be",
                "use": "work"
            }
        ],
        "address": [
            {
                "use": "work",
                "type": "both",
                "line": [
                    "Oud-Strijderslaan 199"
                ],
                "city": "Herentals",
                "postalCode": "2200",
                "country": "BE"
            }
        ]
    }
}
,{
    "fullUrl": "Practitioner/69",
    "resource": {
        "resourceType": "Practitioner",
        "id": "69",
        "meta": {
            "profile": [
                "https://www.ehealth.fgov.be/standards/fhir/core/StructureDefinition/be-practitioner"
            ]
        },
        "text": {
            "status": "empty"
        },
        "identifier": [
            {
                "use": "official",
                "system": "https://www.ehealth.fgov.be/standards/fhir/core/NamingSystem/nihdi",
                "value": "10000007999"
            }
        ],
        "name": [
            {
                "use": "official",
                "family": "Cma - Herentals",
                "given": [
                    "Fhir"
                ],
                "prefix": [
                    "Dr."
                ]
            }
        ],
        "telecom": [
            {
                "system": "email",
                "value": "info@cma.be",
                "use": "work"
            },
            {
                "system": "fax",
                "value": "(+32)14/225608",
                "use": "work"
            },
            {
                "system": "phone",
                "value": "(+32)14/285000",
                "use": "work"
            }
        ],
        "address": [
            {
                "use": "work",
                "type": "both",
                "line": [
                    "Oud-Strijderslaan 199"
                ],
                "city": "Herentals",
                "postalCode": "2200",
                "country": "BE"
            }
        ],
        "gender": "unknown"
    }
}
,{
    "fullUrl": "Practitioner/Responsible",
    "resource": {
        "resourceType": "Practitioner",
        "id": "Responsible",
        "meta": {
            "profile": [
                "https://www.ehealth.fgov.be/standards/fhir/core/StructureDefinition/be-practitioner"
            ]
        },
        "text": {
            "status": "empty"
        },
        "identifier": [
            {
                "use": "official",
                "system": "https://www.ehealth.fgov.be/standards/fhir/core/NamingSystem/nihdi",
                "value": "68071432800"
            }
        ],
        "name": [
            {
                "use": "official",
                "family": "Engelen",
                "given": [
                    "Frans"
                ]
            }
        ],
        "telecom": [
            {
                "system": "phone",
                "value": "014/28.50.00",
                "use": "work"
            }
        ],
        "address": [
            {
                "use": "work",
                "type": "both",
                "line": [
                    "Oud-Strijderslaan 199"
                ],
                "city": "Herentals",
                "postalCode": "2200",
                "country": "BE"
            }
        ],
        "gender": "unknown"
    }
}
,{
    "fullUrl": "Patient/7165401",
    "resource": {
        "resourceType": "Patient",
        "id": "7165401",
        "meta": {
            "profile": [
                "https://www.ehealth.fgov.be/standards/fhir/core/StructureDefinition/be-patient"
            ]
        },
        "text": {
            "status": "empty"
        },
        "identifier": [
            {
                "use": "official",
                "system": "https://www.ehealth.fgov.be/standards/fhir/core/NamingSystem/ssin",
                "value": "40010199813"
            }
        ],
        "active": true,
        "name": [
            {
                "use": "official",
                "family": "Lastname",
                "given": [
                    "Firstname Old"
                ]
            }
        ],
        "gender": "female",
        "birthDate": "1940-01-01"
    }
}
,{
    "fullUrl": "ServiceRequest/815933569",
    "resource": {
        "resourceType": "ServiceRequest",
        "id": "815933569",
        "text": {
            "status": "empty"
        },
        "identifier": [
            {
                "system": "http://www.macsys.be/hl7/ServiceRequest",
                "value": "815933569"
            }
        ],
        "status": "completed",
        "intent": "order",
        "category": [
            {
                "coding": [
                    {
                        "system": "http://snomed.info/sct",
                        "code": "108252007",
                        "display": "Laboratory procedure"
                    }
                ]
            }
        ],
        "subject": {
            "reference": "Patient/7165401"
        },
        "priority": "routine",
        "authoredOn": "2022-01-07T15:31:00+01:00",
        "requester": {
            "reference": "Practitioner/69"
        }
    }
}
]}