<html><head><style>body {
    font-family: sans-serif;
    margin: 48px;
}

div.hapiHeaderText {
    font-size: 1.5em;
    color: #0484DF;
}



/********************************************************
* The following section is used for tables of values
* with multiple columns (e.g. the table of Observations
* in a Diagnostic Report for a lab test)
********************************************************/
table.hapiTableOfValues {
    width: 100%;
    max-width: 1200px;
    margin-top: 24px;
    border-spacing: 0;
    border-collapse: collapse;
    border: 1px solid #DBDFE3;
}

table.hapiTableOfValues thead tr td {
    background: #EEF2F6;
    color: #5D7184;
    font-size: .8em;
    padding: 1em;
    text-transform: uppercase;
    border: 1px solid #DBDFE3;
}

table.hapiTableOfValues tbody tr td {
    padding: .5em 1em;
    border: 1px solid #DBDFE3;
}

table.hapiTableOfValues tbody tr.title td {
    color: #0484DF;
}

table.hapiTableOfValues tbody tr.title.level_0 td {
    background: #deeeff;
}

/********************************************************
* The following section is used for property tables. These
* tables have two columns, one for the property name, and
* one for the property value
********************************************************/
table.hapiPropertyTable {
    width: 100%;
    max-width: 1200px;
    margin-top: 24px;
    border-spacing: 0;
    border-collapse: collapse;
}

table.hapiPropertyTable thead tr td {
    background: #EEF2F6;
    color: #5D7184;
    font-size: .8em;
    padding: 1em;
    text-transform: uppercase;
    border: 1px solid #DBDFE3;
}

table.hapiPropertyTable tbody tr td:first-child {
    text-align: right;
    text-transform: uppercase;
    color: #5D7184;
    border: 1px solid #DBDFE3;
    font-size: .8em;
    vertical-align: baseline;
    width: 20%;
}

table.hapiPropertyTable tbody tr td {
    vertical-align: top;
    padding: .5em 1em;
    margin: 1px;
    border: 1px solid #DBDFE3;
    vertical-align: baseline;
}

tr.level_2 td.label {
    padding-left: 2em;
}

tr.level_3 td.label {
    padding-left: 2em;
}

tr.level_4 td.label {
    padding-left: 3em;
}

tr.level_5 td.label {
    padding-left: 3em;
}

tr.level_6 td.label {
    padding-left: 4em;
}

tr.level_7 td.label {
    padding-left: 4em;
}

tr.level_8 td.label {
    padding-left: 5em;
}

tr.level_9 td.label {
    padding-left: 6em;
}

td.toggable {
    cursor: pointer;
}

td.toggable div {
    display: flex;
    flex-direction: row;
    flex-wrap: nowrap;
    justify-content: space-between;
}

td.toggable div span {
    background-color: rgba(107, 128, 148, 0.6);
    color: #EEF2F6;
    border-radius: 10px;
    padding: 4px 6px 2px;
    font-size: .8em;
    min-width: 100px;
    text-align: center;
}

td.toggable div span.inline {
    min-width: 20px;
}

td.toggable.displayed div span.clicktoshow {
    display: none;
}

td.toggable div span.clicktohide {
    display: none;
}

td.toggable.displayed div span.clicktohide {
    display: inline !important;
}

.hidden {
    display: none;
}
</style></head><body>
<div xmlns="http://www.w3.org/1999/xhtml"><div class="hapiHeaderText"> Labo rapport </div><table class="hapiPropertyTable"><thead><tr><td colspan="2">Result information</td></tr></thead><tbody><tr><td>Status</td><td>FINAL</td></tr><tr><td>Issued</td><td> 11 March 2022 16:07:44</td></tr><tr><td>Version Id</td><td>8</td></tr></tbody>    <!-- patient --><thead><tr><td colspan="2">Patient</td></tr></thead><tbody><tr><td>Identifier</td><td> Official 01482105560 (https://www.ehealth.fgov.be/standards/fhir/core/NamingSystem/ssin) </td></tr><tr><td>Identifier</td><td> 120406 045A84 (https://www.uzgent.be) </td></tr><tr><td>Identifier</td><td> 20120406XDTX09 (http://mips.be/UZGent) </td></tr><tr><td>Patient name</td><td>Xdtest Xdtestcozohub</td></tr><tr><td>Date of birth</td><td><span>06 April 2012</span></td></tr><tr><td>Gender</td><td>male</td></tr><tr><td>PHONE</td><td>-</td></tr><tr><td>Address</td><td><span>C. Heymanslaan 10 </span><br/><span>GENT </span><span>B </span></td></tr></tbody>    <!-- notes extension -->    <!-- Service Request Details --><thead><tr><td colspan="2" onclick="this.classList.toggle('displayed'); this.parentElement.parentElement.nextElementSibling.classList.toggle('hidden')" class="toggable"><div><div>Service request</div><div><span class="clicktoshow">click to show</span><span class="clicktohide">click to hide</span></div></div></td></tr></thead><tbody class="hidden"><tr><td>Identifier</td><td>211126-3044</td></tr>    <!-- Subject --><tr><td>Subject</td><td> Xdtest Xdtestcozohub (01482105560) </td></tr>    <!-- Status --><tr><td>Status</td><td>COMPLETED</td></tr>    <!-- Intent --><tr><td>Intent</td><td>ORDER</td></tr>    <!-- Category -->    <!-- Priority --><tr><td>Priority</td><td>ROUTINE</td></tr>    <!-- Authored on --><tr><td>Authored on</td><td>26 November 2021 12:19:00</td></tr>    <!-- Requester --><tr class="Requester"><td>Requester</td><td onclick="this.classList.toggle('displayed'); var ns = this.parentElement; while(ns.nextElementSibling &amp;&amp; ns.nextElementSibling.classList.contains([...ns.classList].find(function(x) { return x !== 'hidden' }))) { ns.nextElementSibling.classList.toggle('hidden'); ns = ns.nextElementSibling }" class="toggable"><div><div> Dr. Ine Moors </div><div><span class="inline clicktoshow">+</span><span class="inline clicktohide">-</span></div></div></td></tr><tr class="hidden Requester"><td>Name</td><td>Dr. Ine Moors</td></tr><tr class="hidden Requester"><td>Telecom</td><td>ine.moors@ugent.be</td></tr><tr class="hidden Requester"><td>Address</td><td><span>Poli Hematologie </span><br/><span>GENT </span><span>B </span></td></tr>    <!-- Performer -->    <!-- Notes --></tbody>    <!-- Specimen details --><thead><tr><td colspan="2" onclick="this.classList.toggle('displayed'); this.parentElement.parentElement.nextElementSibling.classList.toggle('hidden')" class="toggable"><div><div>Specimen</div><div><span class="clicktoshow">click to show</span><span class="clicktohide">click to hide</span></div></div></td></tr></thead><tbody class="hidden">    <!-- Identifier --><tr><td>Identifier</td><td> 211126304401 (https://www.uzgent.be) </td></tr>    <!-- Status --><tr><td>Status</td><td>AVAILABLE</td></tr>    <!-- Type --><tr><td>Type</td><td> M Varia (M_VA) (https://www.uzgent.be) </td></tr>    <!-- Subject --><tr><td>Patient</td><td> Xdtest Xdtestcozohub (01482105560) </td></tr>    <!-- Received time --><tr><td>Received</td><td>26 November 2021 15:36:18</td></tr>    <!-- Requests -->    <!-- Specimen collection -->    <!-- Collection collector -->    <!-- Collection collected date --><tr><td>Collected date</td><td>26 November 2021 15:36:00</td></tr>    <!-- Collection collected period -->    <!-- Collection duration -->    <!-- Collection quantity -->    <!-- Collection method -->    <!-- Collection body site -->    <!-- Collection fasted status (CodeableConcept) -->    <!-- Fasted status (Duration) -->    <!-- Processings -->    <!-- Containers -->    <!-- Condition -->    <!-- Notes --></tbody>    <!-- Performer details --><thead><tr><td colspan="2" onclick="this.classList.toggle('displayed'); this.parentElement.parentElement.nextElementSibling.classList.toggle('hidden')" class="toggable"><div><div>Performer</div><div><span class="clicktoshow">click to show</span><span class="clicktohide">click to hide</span></div></div></td></tr></thead><tbody class="hidden"><tr><td>Name</td><td>Lab UZGent</td></tr><tr><td>PHONE</td><td>09/2406310</td></tr><tr><td>FAX</td><td>092404985</td></tr><tr><td>Address</td><td><span>C. Heymanslaan 10 </span><br/><span>GENT </span><span>B </span></td></tr></tbody>    <!-- Results interpreter --></table><table class="hapiTableOfValues"><thead><tr><td>Name</td><td>Value</td><td>Interpretation</td><td>Reference Range</td><td>Status</td><td></td></tr></thead><tbody><tr class="level_0 title"><td style="vertical-align:top" class="label"> Microbiologie: peri-anaal defect, ondermijn, zwarte kleur Gekend voor : </td><td>    <!-- quantity -->    <!-- string -->    <!-- codeable concept -->    <!-- boolean -->    <!-- date time -->    <!-- integer -->    <!-- period -->    <!-- range -->    <!-- ratio -->    <!-- sample data, what is this in a lab context? -->    <!-- time --></td><td></td><td></td><td></td><td onclick="this.classList.toggle('displayed');  this.parentElement.nextElementSibling.classList.toggle('hidden');" class="toggable"><div><span class="inline clicktoshow">+</span><span class="inline clicktohide">-</span></div></td></tr><tr class="hidden"><td colspan="6"><table class="hapiPropertyTable"><thead><tr><td colspan="2" onclick="this.classList.toggle('displayed'); this.parentElement.parentElement.nextElementSibling.classList.toggle('hidden')" class="toggable"><div><div>Subject</div><div><span class="clicktoshow">click to show</span><span class="clicktohide">click to hide</span></div></div></td></tr></thead><tbody class="hidden"><tr><td>Identifier</td><td> Official 01482105560 (https://www.ehealth.fgov.be/standards/fhir/core/NamingSystem/ssin) </td></tr><tr><td>Identifier</td><td> 120406 045A84 (https://www.uzgent.be) </td></tr><tr><td>Identifier</td><td> 20120406XDTX09 (http://mips.be/UZGent) </td></tr><tr><td>Patient name</td><td>Xdtest Xdtestcozohub</td></tr><tr><td>Date of birth</td><td><span>06 April 2012</span></td></tr><tr><td>Gender</td><td>male</td></tr><tr><td>PHONE</td><td>-</td></tr><tr><td>Address</td><td><span>C. Heymanslaan 10 </span><br/><span>GENT </span><span>B </span></td></tr></tbody></table></td></tr><tr class="level_1 hapiTableOfValuesRowOdd"><td style="vertical-align:top" class="label"> Staal Specificatie </td><td>    <!-- quantity -->    <!-- string --> peri-anaal defect, ondermijn, zwarte kleur     <!-- codeable concept -->    <!-- boolean -->    <!-- date time -->    <!-- integer -->    <!-- period -->    <!-- range -->    <!-- ratio -->    <!-- sample data, what is this in a lab context? -->    <!-- time --></td><td></td><td></td><td> FINAL </td><td onclick="this.classList.toggle('displayed');  this.parentElement.nextElementSibling.classList.toggle('hidden');" class="toggable"><div><span class="inline clicktoshow">+</span><span class="inline clicktohide">-</span></div></td></tr><tr class="hidden"><td colspan="6"><table class="hapiPropertyTable"><thead><tr><td colspan="2">Details</td></tr></thead><tbody><tr><td>Code</td><td> Staal Specificatie (77202-0) (http://loinc.org) </td></tr>    <!-- will effective timing ever occur in context of lab results? -->    <!-- tr th:if="${result.resource.hasEffectiveTiming}"><td>Effective date</td><td>(effective timing)</td></tr --><tr><td>Issued date</td><td>26 November 2021 12:20:12</td></tr></tbody><thead><tr><td colspan="2" onclick="this.classList.toggle('displayed'); this.parentElement.parentElement.nextElementSibling.classList.toggle('hidden')" class="toggable"><div><div>Subject</div><div><span class="clicktoshow">click to show</span><span class="clicktohide">click to hide</span></div></div></td></tr></thead><tbody class="hidden"><tr><td>Identifier</td><td> Official 01482105560 (https://www.ehealth.fgov.be/standards/fhir/core/NamingSystem/ssin) </td></tr><tr><td>Identifier</td><td> 120406 045A84 (https://www.uzgent.be) </td></tr><tr><td>Identifier</td><td> 20120406XDTX09 (http://mips.be/UZGent) </td></tr><tr><td>Patient name</td><td>Xdtest Xdtestcozohub</td></tr><tr><td>Date of birth</td><td><span>06 April 2012</span></td></tr><tr><td>Gender</td><td>male</td></tr><tr><td>PHONE</td><td>-</td></tr><tr><td>Address</td><td><span>C. Heymanslaan 10 </span><br/><span>GENT </span><span>B </span></td></tr></tbody></table></td></tr><tr class="level_1 hapiTableOfValuesRowEven"><td style="vertical-align:top" class="label"> Gramkleuring </td><td>    <!-- quantity -->    <!-- string --> WBC +- meerdere soorten bacteriën +++     <!-- codeable concept -->    <!-- boolean -->    <!-- date time -->    <!-- integer -->    <!-- period -->    <!-- range -->    <!-- ratio -->    <!-- sample data, what is this in a lab context? -->    <!-- time --></td><td></td><td></td><td> FINAL </td><td onclick="this.classList.toggle('displayed');  this.parentElement.nextElementSibling.classList.toggle('hidden');" class="toggable"><div><span class="inline clicktoshow">+</span><span class="inline clicktohide">-</span></div></td></tr><tr class="hidden"><td colspan="6"><table class="hapiPropertyTable"><thead><tr><td colspan="2">Details</td></tr></thead><tbody><tr><td>Code</td><td> Gramkleuring (GRAM) (https://www.uzgent.be) </td></tr>    <!-- will effective timing ever occur in context of lab results? -->    <!-- tr th:if="${result.resource.hasEffectiveTiming}"><td>Effective date</td><td>(effective timing)</td></tr --><tr><td>Issued date</td><td>29 November 2021 09:29:06</td></tr></tbody><thead><tr><td colspan="2" onclick="this.classList.toggle('displayed'); this.parentElement.parentElement.nextElementSibling.classList.toggle('hidden')" class="toggable"><div><div>Subject</div><div><span class="clicktoshow">click to show</span><span class="clicktohide">click to hide</span></div></div></td></tr></thead><tbody class="hidden"><tr><td>Identifier</td><td> Official 01482105560 (https://www.ehealth.fgov.be/standards/fhir/core/NamingSystem/ssin) </td></tr><tr><td>Identifier</td><td> 120406 045A84 (https://www.uzgent.be) </td></tr><tr><td>Identifier</td><td> 20120406XDTX09 (http://mips.be/UZGent) </td></tr><tr><td>Patient name</td><td>Xdtest Xdtestcozohub</td></tr><tr><td>Date of birth</td><td><span>06 April 2012</span></td></tr><tr><td>Gender</td><td>male</td></tr><tr><td>PHONE</td><td>-</td></tr><tr><td>Address</td><td><span>C. Heymanslaan 10 </span><br/><span>GENT </span><span>B </span></td></tr></tbody></table></td></tr><tr class="level_1 hapiTableOfValuesRowOdd"><td style="vertical-align:top" class="label"> Kweek (isolaten, ABgram...) </td><td>    <!-- quantity -->    <!-- string --><pre>1: : Enterococcus faecium +++<br/>2: : Nakaseomyces glabrataa (vroeger Candida glabrata) +<br/>3: : Clostridium innocuum ++<br/>4: : Bacteroides fragilis ++<br/>5: : Bacteroides thetaiotaomicron ++<br/>6: : KIEM ++<br/>          Parabacteroides distasonis</pre>
                    
                
                    <!-- codeable concept -->
                
                    <!-- boolean -->
                
                    <!-- date time -->
                
                    <!-- integer -->
                
                    <!-- period -->
                
                    <!-- range -->
                
                    <!-- ratio -->
                
                    <!-- sample data, what is this in a lab context? -->
                    <!-- time -->
                
            </td>
            <td>
                
            </td>
            <td>
                
            </td>
            <td>
                FINAL
            </td>
            
                <td onclick="this.classList.toggle('displayed');  this.parentElement.nextElementSibling.classList.toggle('hidden');" class="toggable">
                    <div>
                        <span class="inline clicktoshow">+</span><span class="inline clicktohide">-</span>
                    </div>
                </td>
            
            
        </tr>
        <tr class="hidden">
            <td colspan="6">
                <table class="hapiPropertyTable">
                        
    <thead>
    <tr>
        <td colspan="2">Details</td>
    </tr>
    </thead>
    <tbody>
        
    
    
    <tr>
        <td>Code</td>
        <td>
            
    Kweek (isolaten, ABgram...)
    
    (6463-4)
    (http://loinc.org)

        </td>
    </tr>

    
    
    
    
        <!-- will effective timing ever occur in context of lab results? -->
        <!-- tr th:if="${result.resource.hasEffectiveTiming}">
        <td>Effective date</td>
        <td>(effective timing)</td>
    </tr -->
    
    <tr>
        <td>Issued date</td>
        <td>01 December 2021 13:34:51</td>
    </tr>
    
    
    

    </tbody>

                        
    <thead><tr>
        <td colspan="2" onclick="this.classList.toggle('displayed'); this.parentElement.parentElement.nextElementSibling.classList.toggle('hidden')" class="toggable">
            <div>
                <div>Subject</div><div>
                <span class="clicktoshow">click to show</span><span class="clicktohide">click to hide</span>
            </div>
            </div>
        </td>
    </tr></thead>
    <tbody class="hidden">
    <tr>
        <td>Identifier</td>
        <td>
            Official
            01482105560
            (https://www.ehealth.fgov.be/standards/fhir/core/NamingSystem/ssin)
        </td>
    </tr>
    <tr>
        <td>Identifier</td>
        <td>
            
            120406 045A84
            (https://www.uzgent.be)
        </td>
    </tr>
    <tr>
        <td>Identifier</td>
        <td>
            
            20120406XDTX09
            (http://mips.be/UZGent)
        </td>
    </tr>
    <tr>
        <td>Patient name</td>
        <td>Xdtest Xdtestcozohub</td>
    </tr>
    <tr>
        <td>Date of birth</td>
        <td><span>06 April 2012</span>
        </td>
    </tr>
    <tr>
        <td>Gender</td>
        <td>male</td>
    </tr>
    <tr>
        <td>PHONE</td>
        <td>-
</td>
    </tr>
    <tr>
        <td>Address</td>
        <td>
	<span>C. Heymanslaan 10 </span><br/>

<span>GENT </span>

<span>B </span>
</td>
    </tr>
    </tbody>

                        
                        
                </table>
            </td>
        </tr>
        
    

        
        
    
    
        <tr class="level_1 hapiTableOfValuesRowEven">
            <td style="vertical-align:top" class="label">
                Antibiogram
                
                
            </td>
            <td>
                    <!-- quantity -->
                
                    <!-- string -->
                
                    <pre>1   4<br/>Amoxicilline             R<br/>Vancomycine              S<br/>Ofloxacine/levofloxacine R<br/>Cefalosporines           R       Intrinsieke resistentie<br/>Meropenem                    S</pre>
                    
                
                    <!-- codeable concept -->
                
                    <!-- boolean -->
                
                    <!-- date time -->
                
                    <!-- integer -->
                
                    <!-- period -->
                
                    <!-- range -->
                
                    <!-- ratio -->
                
                    <!-- sample data, what is this in a lab context? -->
                    <!-- time -->
                
            </td>
            <td>
                
            </td>
            <td>
                
            </td>
            <td>
                FINAL
            </td>
            
                <td onclick="this.classList.toggle('displayed');  this.parentElement.nextElementSibling.classList.toggle('hidden');" class="toggable">
                    <div>
                        <span class="inline clicktoshow">+</span><span class="inline clicktohide">-</span>
                    </div>
                </td>
            
            
        </tr>
        <tr class="hidden">
            <td colspan="6">
                <table class="hapiPropertyTable">
                        
    <thead>
    <tr>
        <td colspan="2">Details</td>
    </tr>
    </thead>
    <tbody>
        
    
    
    <tr>
        <td>Code</td>
        <td>
            
    Antibiogram
    
    (ANTIBIOGRAM)
    (https://www.uzgent.be)

        </td>
    </tr>

    
    
    
    
        <!-- will effective timing ever occur in context of lab results? -->
        <!-- tr th:if="${result.resource.hasEffectiveTiming}">
        <td>Effective date</td>
        <td>(effective timing)</td>
    </tr -->
    
    <tr>
        <td>Issued date</td>
        <td>01 December 2021 13:34:46</td>
    </tr>
    
    
    

    </tbody>

                        
    <thead><tr>
        <td colspan="2" onclick="this.classList.toggle('displayed'); this.parentElement.parentElement.nextElementSibling.classList.toggle('hidden')" class="toggable">
            <div>
                <div>Subject</div><div>
                <span class="clicktoshow">click to show</span><span class="clicktohide">click to hide</span>
            </div>
            </div>
        </td>
    </tr></thead>
    <tbody class="hidden">
    <tr>
        <td>Identifier</td>
        <td>
            Official
            01482105560
            (https://www.ehealth.fgov.be/standards/fhir/core/NamingSystem/ssin)
        </td>
    </tr>
    <tr>
        <td>Identifier</td>
        <td>
            
            120406 045A84
            (https://www.uzgent.be)
        </td>
    </tr>
    <tr>
        <td>Identifier</td>
        <td>
            
            20120406XDTX09
            (http://mips.be/UZGent)
        </td>
    </tr>
    <tr>
        <td>Patient name</td>
        <td>Xdtest Xdtestcozohub</td>
    </tr>
    <tr>
        <td>Date of birth</td>
        <td><span>06 April 2012</span>
        </td>
    </tr>
    <tr>
        <td>Gender</td>
        <td>male</td>
    </tr>
    <tr>
        <td>PHONE</td>
        <td>-
</td>
    </tr>
    <tr>
        <td>Address</td>
        <td>
	<span>C. Heymanslaan 10 </span><br/>

<span>GENT </span>

<span>B </span>
</td>
    </tr>
    </tbody>

                        
                        
                </table>
            </td>
        </tr>
        
    

        
        
    
    
        <tr class="level_1 hapiTableOfValuesRowOdd">
            <td style="vertical-align:top" class="label">
                
                Anaerobic culture: microorganisms identified (specimen defined elsewhere in the message)
                
            </td>
            <td>
                    <!-- quantity -->
                
                    <!-- string -->
                
                    
                    Positief
                
                    <!-- codeable concept -->
                
                    <!-- boolean -->
                
                    <!-- date time -->
                
                    <!-- integer -->
                
                    <!-- period -->
                
                    <!-- range -->
                
                    <!-- ratio -->
                
                    <!-- sample data, what is this in a lab context? -->
                    <!-- time -->
                
            </td>
            <td>
                
            </td>
            <td>
                
            </td>
            <td>
                FINAL
            </td>
            
                <td onclick="this.classList.toggle('displayed');  this.parentElement.nextElementSibling.classList.toggle('hidden');" class="toggable">
                    <div>
                        <span class="inline clicktoshow">+</span><span class="inline clicktohide">-</span>
                    </div>
                </td>
            
            
        </tr>
        <tr class="hidden">
            <td colspan="6">
                <table class="hapiPropertyTable">
                        
    <thead>
    <tr>
        <td colspan="2">Details</td>
    </tr>
    </thead>
    <tbody>
        
    
    
    <tr>
        <td>Code</td>
        <td>
            
    
    Anaerobic culture: microorganisms identified (specimen defined elsewhere in the message)
    (635-3)
    (http://loinc.org)

        </td>
    </tr>

    
    
    
    
        <!-- will effective timing ever occur in context of lab results? -->
        <!-- tr th:if="${result.resource.hasEffectiveTiming}">
        <td>Effective date</td>
        <td>(effective timing)</td>
    </tr -->
    
    <tr>
        <td>Issued date</td>
        <td>01 December 2021 13:33:08</td>
    </tr>
    
    
    

    </tbody>

                        
    <thead><tr>
        <td colspan="2" onclick="this.classList.toggle('displayed'); this.parentElement.parentElement.nextElementSibling.classList.toggle('hidden')" class="toggable">
            <div>
                <div>Subject</div><div>
                <span class="clicktoshow">click to show</span><span class="clicktohide">click to hide</span>
            </div>
            </div>
        </td>
    </tr></thead>
    <tbody class="hidden">
    <tr>
        <td>Identifier</td>
        <td>
            Official
            01482105560
            (https://www.ehealth.fgov.be/standards/fhir/core/NamingSystem/ssin)
        </td>
    </tr>
    <tr>
        <td>Identifier</td>
        <td>
            
            120406 045A84
            (https://www.uzgent.be)
        </td>
    </tr>
    <tr>
        <td>Identifier</td>
        <td>
            
            20120406XDTX09
            (http://mips.be/UZGent)
        </td>
    </tr>
    <tr>
        <td>Patient name</td>
        <td>Xdtest Xdtestcozohub</td>
    </tr>
    <tr>
        <td>Date of birth</td>
        <td><span>06 April 2012</span>
        </td>
    </tr>
    <tr>
        <td>Gender</td>
        <td>male</td>
    </tr>
    <tr>
        <td>PHONE</td>
        <td>-
</td>
    </tr>
    <tr>
        <td>Address</td>
        <td>
	<span>C. Heymanslaan 10 </span><br/>

<span>GENT </span>

<span>B </span>
</td>
    </tr>
    </tbody>

                        
                        
                </table>
            </td>
        </tr>
        
    

        
        
    
    
        <tr class="level_1 hapiTableOfValuesRowEven">
            <td style="vertical-align:top" class="label">
                Kweek Gisten
                
                
            </td>
            <td>
                    <!-- quantity -->
                
                    <!-- string -->
                
                    
                    +
                
                    <!-- codeable concept -->
                
                    <!-- boolean -->
                
                    <!-- date time -->
                
                    <!-- integer -->
                
                    <!-- period -->
                
                    <!-- range -->
                
                    <!-- ratio -->
                
                    <!-- sample data, what is this in a lab context? -->
                    <!-- time -->
                
            </td>
            <td>
                
            </td>
            <td>
                
            </td>
            <td>
                FINAL
            </td>
            
                <td onclick="this.classList.toggle('displayed');  this.parentElement.nextElementSibling.classList.toggle('hidden');" class="toggable">
                    <div>
                        <span class="inline clicktoshow">+</span><span class="inline clicktohide">-</span>
                    </div>
                </td>
            
            
        </tr>
        <tr class="hidden">
            <td colspan="6">
                <table class="hapiPropertyTable">
                        
    <thead>
    <tr>
        <td colspan="2">Details</td>
    </tr>
    </thead>
    <tbody>
        
    
    
    <tr>
        <td>Code</td>
        <td>
            
    Kweek Gisten
    
    (MGIST)
    (https://www.uzgent.be)

        </td>
    </tr>

    
    
    
    
        <!-- will effective timing ever occur in context of lab results? -->
        <!-- tr th:if="${result.resource.hasEffectiveTiming}">
        <td>Effective date</td>
        <td>(effective timing)</td>
    </tr -->
    
    <tr>
        <td>Issued date</td>
        <td>27 November 2021 11:44:58</td>
    </tr>
    
    
    

    </tbody>

                        
    <thead><tr>
        <td colspan="2" onclick="this.classList.toggle('displayed'); this.parentElement.parentElement.nextElementSibling.classList.toggle('hidden')" class="toggable">
            <div>
                <div>Subject</div><div>
                <span class="clicktoshow">click to show</span><span class="clicktohide">click to hide</span>
            </div>
            </div>
        </td>
    </tr></thead>
    <tbody class="hidden">
    <tr>
        <td>Identifier</td>
        <td>
            Official
            01482105560
            (https://www.ehealth.fgov.be/standards/fhir/core/NamingSystem/ssin)
        </td>
    </tr>
    <tr>
        <td>Identifier</td>
        <td>
            
            120406 045A84
            (https://www.uzgent.be)
        </td>
    </tr>
    <tr>
        <td>Identifier</td>
        <td>
            
            20120406XDTX09
            (http://mips.be/UZGent)
        </td>
    </tr>
    <tr>
        <td>Patient name</td>
        <td>Xdtest Xdtestcozohub</td>
    </tr>
    <tr>
        <td>Date of birth</td>
        <td><span>06 April 2012</span>
        </td>
    </tr>
    <tr>
        <td>Gender</td>
        <td>male</td>
    </tr>
    <tr>
        <td>PHONE</td>
        <td>-
</td>
    </tr>
    <tr>
        <td>Address</td>
        <td>
	<span>C. Heymanslaan 10 </span><br/>

<span>GENT </span>

<span>B </span>
</td>
    </tr>
    </tbody>

                        
                        
                </table>
            </td>
        </tr>
        
    

        
        
    
    
        <tr class="level_1 hapiTableOfValuesRowOdd">
            <td style="vertical-align:top" class="label">
                Kweek schimmels
                
                
            </td>
            <td>
                    <!-- quantity -->
                
                    <!-- string -->
                
                    
                    Negatief
                
                    <!-- codeable concept -->
                
                    <!-- boolean -->
                
                    <!-- date time -->
                
                    <!-- integer -->
                
                    <!-- period -->
                
                    <!-- range -->
                
                    <!-- ratio -->
                
                    <!-- sample data, what is this in a lab context? -->
                    <!-- time -->
                
            </td>
            <td>
                
            </td>
            <td>
                
            </td>
            <td>
                FINAL
            </td>
            
                <td onclick="this.classList.toggle('displayed');  this.parentElement.nextElementSibling.classList.toggle('hidden');" class="toggable">
                    <div>
                        <span class="inline clicktoshow">+</span><span class="inline clicktohide">-</span>
                    </div>
                </td>
            
            
        </tr>
        <tr class="hidden">
            <td colspan="6">
                <table class="hapiPropertyTable">
                        
    <thead>
    <tr>
        <td colspan="2">Details</td>
    </tr>
    </thead>
    <tbody>
        
    
    
    <tr>
        <td>Code</td>
        <td>
            
    Kweek schimmels
    
    (MSCHIM)
    (https://www.uzgent.be)

        </td>
    </tr>

    
    
    
    
        <!-- will effective timing ever occur in context of lab results? -->
        <!-- tr th:if="${result.resource.hasEffectiveTiming}">
        <td>Effective date</td>
        <td>(effective timing)</td>
    </tr -->
    
    <tr>
        <td>Issued date</td>
        <td>01 December 2021 07:47:39</td>
    </tr>
    
    
    

    </tbody>

                        
    <thead><tr>
        <td colspan="2" onclick="this.classList.toggle('displayed'); this.parentElement.parentElement.nextElementSibling.classList.toggle('hidden')" class="toggable">
            <div>
                <div>Subject</div><div>
                <span class="clicktoshow">click to show</span><span class="clicktohide">click to hide</span>
            </div>
            </div>
        </td>
    </tr></thead>
    <tbody class="hidden">
    <tr>
        <td>Identifier</td>
        <td>
            Official
            01482105560
            (https://www.ehealth.fgov.be/standards/fhir/core/NamingSystem/ssin)
        </td>
    </tr>
    <tr>
        <td>Identifier</td>
        <td>
            
            120406 045A84
            (https://www.uzgent.be)
        </td>
    </tr>
    <tr>
        <td>Identifier</td>
        <td>
            
            20120406XDTX09
            (http://mips.be/UZGent)
        </td>
    </tr>
    <tr>
        <td>Patient name</td>
        <td>Xdtest Xdtestcozohub</td>
    </tr>
    <tr>
        <td>Date of birth</td>
        <td><span>06 April 2012</span>
        </td>
    </tr>
    <tr>
        <td>Gender</td>
        <td>male</td>
    </tr>
    <tr>
        <td>PHONE</td>
        <td>-
</td>
    </tr>
    <tr>
        <td>Address</td>
        <td>
	<span>C. Heymanslaan 10 </span><br/>

<span>GENT </span>

<span>B </span>
</td>
    </tr>
    </tbody>

                        
                        
                </table>
            </td>
        </tr>
        
    

        
        
    

        
        
    
</tbody>
    </table>

</div></body></html>

